Copyright 1986-2022 Xilinx, Inc. All Rights Reserved. Copyright 2022-2025 Advanced Micro Devices, Inc. All Rights Reserved.
---------------------------------------------------------------------------------------------------------------------------------------------
| Tool Version : Vivado v.2025.1 (win64) Build 6140274 Thu May 22 00:12:29 MDT 2025
| Date         : Sun Sep 13 17:57:34 2026
| Host         : Samsung-Galaxybook-4 running 64-bit major release  (build 9200)
| Command      : report_control_sets -verbose -file top_control_sets_placed.rpt
| Design       : top
| Device       : xc7a100t
---------------------------------------------------------------------------------------------------------------------------------------------

Control Set Information

Table of Contents
-----------------
1. Summary
2. Histogram
3. Flip-Flop Distribution
4. Detailed Control Set Information

1. Summary
----------

+----------------------------------------------------------+-------+
|                          Status                          | Count |
+----------------------------------------------------------+-------+
| Total control sets                                       |    34 |
|    Minimum number of control sets                        |    34 |
|    Addition due to synthesis replication                 |     0 |
|    Addition due to physical synthesis replication        |     0 |
| Unused register locations in slices containing registers |   117 |
+----------------------------------------------------------+-------+
* Control sets can be merged at opt_design using control_set_merge or merge_equivalent_drivers
** Run report_qor_suggestions for automated merging and remapping suggestions


2. Histogram
------------

+--------------------+-------+
|       Fanout       | Count |
+--------------------+-------+
| Total control sets |    34 |
| >= 0 to < 4        |     0 |
| >= 4 to < 6        |    12 |
| >= 6 to < 8        |     2 |
| >= 8 to < 10       |     3 |
| >= 10 to < 12      |     7 |
| >= 12 to < 14      |     2 |
| >= 14 to < 16      |     2 |
| >= 16              |     6 |
+--------------------+-------+
* Control sets can be remapped at either synth_design or opt_design


3. Flip-Flop Distribution
-------------------------

+--------------+-----------------------+------------------------+-----------------+--------------+
| Clock Enable | Synchronous Set/Reset | Asynchronous Set/Reset | Total Registers | Total Slices |
+--------------+-----------------------+------------------------+-----------------+--------------+
| No           | No                    | No                     |              84 |           49 |
| No           | No                    | Yes                    |               0 |            0 |
| No           | Yes                   | No                     |              15 |            5 |
| Yes          | No                    | No                     |             240 |           96 |
| Yes          | No                    | Yes                    |               0 |            0 |
| Yes          | Yes                   | No                     |              32 |           10 |
+--------------+-----------------------+------------------------+-----------------+--------------+


4. Detailed Control Set Information
-----------------------------------

+----------------+--------------------------------------------------------+-----------------------------------------------------+------------------+----------------+--------------+
|  Clock Signal  |                      Enable Signal                     |                   Set/Reset Signal                  | Slice Load Count | Bel Load Count | Bels / Slice |
+----------------+--------------------------------------------------------+-----------------------------------------------------+------------------+----------------+--------------+
|  clk_IBUF_BUFG | VGA_cpu/vgaGreen                                       |                                                     |                1 |              4 |         4.00 |
|  clk_IBUF_BUFG | VGA_cpu/vgaRed                                         |                                                     |                1 |              4 |         4.00 |
|  clk_IBUF_BUFG | VGA_cpu/vgaBlue                                        |                                                     |                1 |              4 |         4.00 |
|  clk_IBUF_BUFG | VGA_manager/x_char[3]_i_2_n_0                          | VGA_manager/x_char[3]_i_1_n_0                       |                1 |              4 |         4.00 |
|  clk_IBUF_BUFG | VGA_manager/y_char[3]_i_2_n_0                          | VGA_manager/y_char[3]_i_1_n_0                       |                1 |              4 |         4.00 |
|  clk_IBUF_BUFG | uart_input_manager/uart_rx/bit_counter                 |                                                     |                2 |              4 |         2.00 |
|  clk_IBUF_BUFG | cmd_handler/translator/j                               |                                                     |                1 |              4 |         4.00 |
|  clk_IBUF_BUFG | VGA_manager/char_counter[4]_i_2_n_0                    | VGA_manager/char_counter[4]_i_1_n_0                 |                2 |              5 |         2.50 |
|  clk_IBUF_BUFG | VGA_cpu/sys_string_len[4]_i_1_n_0                      |                                                     |                1 |              5 |         5.00 |
|  clk_IBUF_BUFG | VGA_cpu/cmd                                            | VGA_cpu/cmd[9]_i_1_n_0                              |                1 |              5 |         5.00 |
|  clk_IBUF_BUFG | VGA_cpu/user_string_len[4]_i_1_n_0                     |                                                     |                2 |              5 |         2.50 |
|  clk_IBUF_BUFG | cmd_handler/translator/Translator_busy_reg_2           |                                                     |                4 |              5 |         1.25 |
|  clk_IBUF_BUFG | uart_input_manager/simpleFIFO/data_out_reg[0]_0        | uart_input_manager/out[5]_i_1_n_0                   |                3 |              6 |         2.00 |
|  clk_IBUF_BUFG | VGA_cpu/pc[6]_i_1_n_0                                  |                                                     |                3 |              7 |         2.33 |
|  clk_IBUF_BUFG | uart_input_manager/simpleFIFO/data_out0_0              |                                                     |                2 |              8 |         4.00 |
|  clk_IBUF_BUFG | uart_input_manager/uart_rx/UART_RX_Data_Out[7]_i_2_n_0 | uart_input_manager/uart_rx/stopBitIsGood0           |                2 |              8 |         4.00 |
|  clk_IBUF_BUFG | cmd_handler/translator/command[41]_i_1_n_0             |                                                     |                2 |              8 |         4.00 |
|  vga_clk_BUFG  | vga/line_done_reg_n_0                                  |                                                     |                6 |             10 |         1.67 |
|  clk_IBUF_BUFG | VGA_manager/x_coord[9]_i_1_n_0                         |                                                     |                4 |             10 |         2.50 |
|  clk_IBUF_BUFG | VGA_manager/y_coord[9]_i_1_n_0                         |                                                     |                2 |             10 |         5.00 |
|  clk_IBUF_BUFG | VGA_cpu/cmd                                            |                                                     |                5 |             10 |         2.00 |
|  clk_IBUF_BUFG | cmd_handler/translator/command[9]_i_1_n_0              |                                                     |                4 |             10 |         2.50 |
|  clk_IBUF_BUFG | VGA_cpu/cmd_reg[13]_0                                  |                                                     |                4 |             10 |         2.50 |
|  clk_IBUF_BUFG | VGA_cpu/cmd_reg[14]_0                                  |                                                     |                3 |             10 |         3.33 |
|  clk_IBUF_BUFG | uart_input_manager/uart_rx/UART_RX_Ready_Out_reg_0     |                                                     |                2 |             12 |         6.00 |
|  clk_IBUF_BUFG | VGA_manager/current_color[11]_i_1_n_0                  |                                                     |                2 |             12 |         6.00 |
|  clk_IBUF_BUFG |                                                        | uart_input_manager/uart_rx/baud_counter[14]_i_1_n_0 |                5 |             15 |         3.00 |
|  clk_IBUF_BUFG | cmd_handler/translator/literal[9]_i_1_n_0              |                                                     |                8 |             15 |         1.88 |
|  clk_IBUF_BUFG | cmd_handler/translator/Translator_busy_reg_1           |                                                     |                5 |             18 |         3.60 |
|  clk_IBUF_BUFG | VGA_manager/vram_address_reg[18]_i_1_n_0               |                                                     |               11 |             19 |         1.73 |
|  clk_IBUF_BUFG | cmd_handler/translator/command[33]_i_1_n_0             |                                                     |                6 |             24 |         4.00 |
|  clk_IBUF_BUFG | cmd_handler/translator/end_command_pending_reg         |                                                     |               16 |             24 |         1.50 |
|  vga_clk_BUFG  |                                                        |                                                     |               26 |             42 |         1.62 |
|  clk_IBUF_BUFG |                                                        |                                                     |               23 |             42 |         1.83 |
+----------------+--------------------------------------------------------+-----------------------------------------------------+------------------+----------------+--------------+


