Copyright 1986-2022 Xilinx, Inc. All Rights Reserved. Copyright 2022-2025 Advanced Micro Devices, Inc. All Rights Reserved.
---------------------------------------------------------------------------------------------------------------------------------------------
| Tool Version : Vivado v.2025.1 (win64) Build 6140274 Thu May 22 00:12:29 MDT 2025
| Date         : Wed Sep 23 17:49:40 2026
| Host         : Samsung-Galaxybook-4 running 64-bit major release  (build 9200)
| Command      : report_control_sets -verbose -file top_control_sets_placed.rpt
| Design       : top
| Device       : xc7a100t
---------------------------------------------------------------------------------------------------------------------------------------------

Control Set Information

Table of Contents
-----------------
1. Summary
2. Histogram
3. Flip-Flop Distribution
4. Detailed Control Set Information

1. Summary
----------

+----------------------------------------------------------+-------+
|                          Status                          | Count |
+----------------------------------------------------------+-------+
| Total control sets                                       |   135 |
|    Minimum number of control sets                        |   135 |
|    Addition due to synthesis replication                 |     0 |
|    Addition due to physical synthesis replication        |     0 |
| Unused register locations in slices containing registers |   504 |
+----------------------------------------------------------+-------+
* Control sets can be merged at opt_design using control_set_merge or merge_equivalent_drivers
** Run report_qor_suggestions for automated merging and remapping suggestions


2. Histogram
------------

+--------------------+-------+
|       Fanout       | Count |
+--------------------+-------+
| Total control sets |   135 |
| >= 0 to < 4        |    36 |
| >= 4 to < 6        |    12 |
| >= 6 to < 8        |    62 |
| >= 8 to < 10       |     4 |
| >= 10 to < 12      |     9 |
| >= 12 to < 14      |     2 |
| >= 14 to < 16      |     1 |
| >= 16              |     9 |
+--------------------+-------+
* Control sets can be remapped at either synth_design or opt_design


3. Flip-Flop Distribution
-------------------------

+--------------+-----------------------+------------------------+-----------------+--------------+
| Clock Enable | Synchronous Set/Reset | Asynchronous Set/Reset | Total Registers | Total Slices |
+--------------+-----------------------+------------------------+-----------------+--------------+
| No           | No                    | No                     |              34 |           22 |
| No           | No                    | Yes                    |              52 |           43 |
| No           | Yes                   | No                     |              49 |           25 |
| Yes          | No                    | No                     |              32 |           21 |
| Yes          | No                    | Yes                    |             137 |           62 |
| Yes          | Yes                   | No                     |             592 |          335 |
+--------------+-----------------------+------------------------+-----------------+--------------+


4. Detailed Control Set Information
-----------------------------------

+----------------------------------------+--------------------------------------------------------+-----------------------------------------------------+------------------+----------------+--------------+
|              Clock Signal              |                      Enable Signal                     |                   Set/Reset Signal                  | Slice Load Count | Bel Load Count | Bels / Slice |
+----------------------------------------+--------------------------------------------------------+-----------------------------------------------------+------------------+----------------+--------------+
|  btn_c_filter/OUT_SIGNAL_ENABLE_reg_15 |                                                        | btn_c_filter/OUT_SIGNAL_ENABLE_reg_9                |                1 |              1 |         1.00 |
|  vga_clk_BUFG                          |                                                        | btn_c_filter/OUT_SIGNAL_ENABLE_reg_5                |                1 |              1 |         1.00 |
|  vga_clk_BUFG                          |                                                        | btn_c_filter/OUT_SIGNAL_ENABLE_reg_23               |                1 |              1 |         1.00 |
|  vga_clk_BUFG                          |                                                        | btn_c_filter/OUT_SIGNAL_ENABLE_reg_4                |                1 |              1 |         1.00 |
|  btn_c_filter/OUT_SIGNAL_ENABLE_reg_23 |                                                        | btn_c_filter/OUT_SIGNAL_ENABLE_reg_1                |                1 |              1 |         1.00 |
|  vga_clk_BUFG                          |                                                        | btn_c_filter/OUT_SIGNAL_ENABLE_reg_15               |                1 |              1 |         1.00 |
|  vga_clk_BUFG                          |                                                        | btn_c_filter/OUT_SIGNAL_ENABLE_reg_2                |                1 |              1 |         1.00 |
|  btn_c_filter/OUT_SIGNAL_ENABLE_reg_21 |                                                        | btn_c_filter/OUT_SIGNAL_ENABLE_reg_3                |                1 |              1 |         1.00 |
|  btn_c_filter/OUT_SIGNAL_ENABLE_reg_18 |                                                        | btn_c_filter/OUT_SIGNAL_ENABLE_reg_6                |                1 |              1 |         1.00 |
|  btn_c_filter/OUT_SIGNAL_ENABLE_reg_14 |                                                        | btn_c_filter/OUT_SIGNAL_ENABLE_reg_10               |                1 |              1 |         1.00 |
|  btn_c_filter/OUT_SIGNAL_ENABLE_reg_22 |                                                        | btn_c_filter/OUT_SIGNAL_ENABLE_reg_2                |                1 |              1 |         1.00 |
|  btn_c_filter/OUT_SIGNAL_ENABLE_reg_19 |                                                        | btn_c_filter/OUT_SIGNAL_ENABLE_reg_5                |                1 |              1 |         1.00 |
|  btn_c_filter/OUT_SIGNAL_ENABLE_reg_13 |                                                        | btn_c_filter/OUT_SIGNAL_ENABLE_reg_11               |                1 |              1 |         1.00 |
|  btn_c_filter/OUT_SIGNAL_ENABLE_reg_16 |                                                        | btn_c_filter/OUT_SIGNAL_ENABLE_reg_8                |                1 |              1 |         1.00 |
|  btn_c_filter/OUT_SIGNAL_ENABLE_reg_17 |                                                        | btn_c_filter/OUT_SIGNAL_ENABLE_reg_7                |                1 |              1 |         1.00 |
|  btn_c_filter/OUT_SIGNAL_ENABLE_reg_0  |                                                        | btn_c_filter/OUT_SIGNAL_ENABLE_reg_12               |                1 |              1 |         1.00 |
|  vga_clk_BUFG                          |                                                        | btn_c_filter/OUT_SIGNAL_ENABLE_reg_8                |                1 |              1 |         1.00 |
|  vga_clk_BUFG                          |                                                        | btn_c_filter/OUT_SIGNAL_ENABLE_reg_9                |                1 |              1 |         1.00 |
|  vga_clk_BUFG                          |                                                        | btn_c_filter/OUT_SIGNAL_ENABLE_reg_10               |                1 |              1 |         1.00 |
|  vga_clk_BUFG                          |                                                        | btn_c_filter/OUT_SIGNAL_ENABLE_reg_21               |                1 |              1 |         1.00 |
|  vga_clk_BUFG                          |                                                        | btn_c_filter/OUT_SIGNAL_ENABLE_reg_18               |                1 |              1 |         1.00 |
|  vga_clk_BUFG                          |                                                        | btn_c_filter/OUT_SIGNAL_ENABLE_reg_6                |                1 |              1 |         1.00 |
|  vga_clk_BUFG                          |                                                        | btn_c_filter/OUT_SIGNAL_ENABLE_reg_7                |                1 |              1 |         1.00 |
|  vga_clk_BUFG                          |                                                        | btn_c_filter/OUT_SIGNAL_ENABLE_reg_12               |                1 |              1 |         1.00 |
|  btn_c_filter/OUT_SIGNAL_ENABLE_reg_20 |                                                        | btn_c_filter/OUT_SIGNAL_ENABLE_reg_4                |                1 |              1 |         1.00 |
|  vga_clk_BUFG                          |                                                        | btn_c_filter/OUT_SIGNAL_ENABLE_reg_14               |                1 |              1 |         1.00 |
|  vga_clk_BUFG                          |                                                        | btn_c_filter/OUT_SIGNAL_ENABLE_reg_20               |                1 |              1 |         1.00 |
|  vga_clk_BUFG                          |                                                        | btn_c_filter/OUT_SIGNAL_ENABLE_reg_22               |                1 |              1 |         1.00 |
|  vga_clk_BUFG                          |                                                        | btn_c_filter/OUT_SIGNAL_ENABLE_reg_19               |                1 |              1 |         1.00 |
|  vga_clk_BUFG                          |                                                        | btn_c_filter/OUT_SIGNAL_ENABLE_reg_1                |                1 |              1 |         1.00 |
|  vga_clk_BUFG                          |                                                        | btn_c_filter/OUT_SIGNAL_ENABLE_reg_3                |                1 |              1 |         1.00 |
|  vga_clk_BUFG                          |                                                        | btn_c_filter/OUT_SIGNAL_ENABLE_reg_13               |                1 |              1 |         1.00 |
|  vga_clk_BUFG                          |                                                        | btn_c_filter/OUT_SIGNAL_ENABLE_reg_11               |                1 |              1 |         1.00 |
|  vga_clk_BUFG                          |                                                        | btn_c_filter/OUT_SIGNAL_ENABLE_reg_16               |                1 |              1 |         1.00 |
|  vga_clk_BUFG                          |                                                        | btn_c_filter/OUT_SIGNAL_ENABLE_reg_17               |                1 |              1 |         1.00 |
|  vga_clk_BUFG                          |                                                        | btn_c_filter/OUT_SIGNAL_ENABLE_reg_0                |                1 |              1 |         1.00 |
|  clk_IBUF_BUFG                         | VGA_cpu/vgaRed                                         | btn_c_filter/reset                                  |                2 |              4 |         2.00 |
|  clk_IBUF_BUFG                         | VGA_cpu/cmd[14]_i_1_n_0                                | VGA_cpu/cmd[9]_i_1_n_0                              |                1 |              4 |         4.00 |
|  clk_IBUF_BUFG                         | cmd_handler/translator/j                               | btn_c_filter/reset                                  |                1 |              4 |         4.00 |
|  clk_IBUF_BUFG                         | VGA_manager/y_char[3]_i_1_n_0                          | btn_c_filter/reset                                  |                2 |              4 |         2.00 |
|  clk_IBUF_BUFG                         | VGA_manager/x_char[3]_i_1_n_0                          | btn_c_filter/reset                                  |                2 |              4 |         2.00 |
|  clk_IBUF_BUFG                         | uart_input_manager/uart_rx/bit_counter                 |                                                     |                2 |              4 |         2.00 |
|  clk_IBUF_BUFG                         | VGA_cpu/vgaGreen                                       | btn_c_filter/reset                                  |                1 |              4 |         4.00 |
|  clk_IBUF_BUFG                         | VGA_cpu/vgaBlue                                        | btn_c_filter/reset                                  |                1 |              4 |         4.00 |
|  clk_IBUF_BUFG                         | VGA_manager/char_counter[4]_i_1_n_0                    | btn_c_filter/reset                                  |                3 |              5 |         1.67 |
|  clk_IBUF_BUFG                         | cmd_handler/translator/cmd_code_0                      | btn_c_filter/reset                                  |                5 |              5 |         1.00 |
|  clk_IBUF_BUFG                         | VGA_cpu/user_string_len[4]_i_1_n_0                     | btn_c_filter/reset                                  |                2 |              5 |         2.50 |
|  clk_IBUF_BUFG                         | VGA_cpu/sys_string_len[4]_i_1_n_0                      | btn_c_filter/reset                                  |                2 |              5 |         2.50 |
|  clk_IBUF_BUFG                         | VGA_manager/usr_string_reg[7][0]_i_1_n_0               | btn_c_filter/reset                                  |                3 |              6 |         2.00 |
|  clk_IBUF_BUFG                         | VGA_manager/usr_string_reg[9][0]_i_1_n_0               | btn_c_filter/reset                                  |                2 |              6 |         3.00 |
|  clk_IBUF_BUFG                         | VGA_manager/sys_string_reg[13][0]_i_1_n_0              | btn_c_filter/reset                                  |                4 |              6 |         1.50 |
|  clk_IBUF_BUFG                         | VGA_manager/sys_string_reg[20][0]_i_1_n_0              | btn_c_filter/reset                                  |                4 |              6 |         1.50 |
|  clk_IBUF_BUFG                         | VGA_manager/sys_string_reg[28][0]_i_1_n_0              | btn_c_filter/reset                                  |                3 |              6 |         2.00 |
|  clk_IBUF_BUFG                         | VGA_manager/sys_string_reg[11][0]_i_1_n_0              | btn_c_filter/reset                                  |                3 |              6 |         2.00 |
|  clk_IBUF_BUFG                         | VGA_manager/sys_string_reg[17][0]_i_1_n_0              | btn_c_filter/reset                                  |                5 |              6 |         1.20 |
|  clk_IBUF_BUFG                         | VGA_manager/sys_string_reg[29][0]_i_1_n_0              | btn_c_filter/reset                                  |                3 |              6 |         2.00 |
|  clk_IBUF_BUFG                         | VGA_manager/sys_string_reg[2][0]_i_1_n_0               | btn_c_filter/reset                                  |                4 |              6 |         1.50 |
|  clk_IBUF_BUFG                         | VGA_manager/sys_string_reg[5][0]_i_1_n_0               | btn_c_filter/reset                                  |                4 |              6 |         1.50 |
|  clk_IBUF_BUFG                         | VGA_manager/sys_string_reg[4][0]_i_1_n_0               | btn_c_filter/reset                                  |                3 |              6 |         2.00 |
|  clk_IBUF_BUFG                         | VGA_manager/sys_string_reg                             | btn_c_filter/reset                                  |                4 |              6 |         1.50 |
|  clk_IBUF_BUFG                         | VGA_manager/sys_string_reg[10][0]_i_1_n_0              | btn_c_filter/reset                                  |                4 |              6 |         1.50 |
|  clk_IBUF_BUFG                         | VGA_manager/sys_string_reg[15][0]_i_1_n_0              | btn_c_filter/reset                                  |                4 |              6 |         1.50 |
|  clk_IBUF_BUFG                         | VGA_manager/sys_string_reg[16][0]_i_1_n_0              | btn_c_filter/reset                                  |                5 |              6 |         1.20 |
|  clk_IBUF_BUFG                         | VGA_manager/sys_string_reg[18][0]_i_1_n_0              | btn_c_filter/reset                                  |                4 |              6 |         1.50 |
|  clk_IBUF_BUFG                         | VGA_manager/sys_string_reg[1][0]_i_1_n_0               | btn_c_filter/reset                                  |                4 |              6 |         1.50 |
|  clk_IBUF_BUFG                         | VGA_manager/sys_string_reg[14][0]_i_1_n_0              | btn_c_filter/reset                                  |                2 |              6 |         3.00 |
|  clk_IBUF_BUFG                         | VGA_manager/sys_string_reg[19][0]_i_1_n_0              | btn_c_filter/reset                                  |                6 |              6 |         1.00 |
|  clk_IBUF_BUFG                         | VGA_manager/sys_string_reg[8][0]_i_1_n_0               | btn_c_filter/reset                                  |                3 |              6 |         2.00 |
|  clk_IBUF_BUFG                         | VGA_manager/sys_string_reg[23][0]_i_1_n_0              | btn_c_filter/reset                                  |                3 |              6 |         2.00 |
|  clk_IBUF_BUFG                         | VGA_manager/sys_string_reg[24][0]_i_1_n_0              | btn_c_filter/reset                                  |                2 |              6 |         3.00 |
|  clk_IBUF_BUFG                         | VGA_manager/sys_string_reg[26][0]_i_1_n_0              | btn_c_filter/reset                                  |                2 |              6 |         3.00 |
|  clk_IBUF_BUFG                         | VGA_manager/sys_string_reg[12][0]_i_1_n_0              | btn_c_filter/reset                                  |                3 |              6 |         2.00 |
|  clk_IBUF_BUFG                         | VGA_manager/sys_string_reg[25][0]_i_1_n_0              | btn_c_filter/reset                                  |                2 |              6 |         3.00 |
|  clk_IBUF_BUFG                         | VGA_manager/sys_string_reg[27][0]_i_1_n_0              | btn_c_filter/reset                                  |                3 |              6 |         2.00 |
|  clk_IBUF_BUFG                         | VGA_manager/sys_string_reg[3][0]_i_1_n_0               | btn_c_filter/reset                                  |                5 |              6 |         1.20 |
|  clk_IBUF_BUFG                         | VGA_manager/sys_string_reg[21][0]_i_1_n_0              | btn_c_filter/reset                                  |                4 |              6 |         1.50 |
|  clk_IBUF_BUFG                         | VGA_cpu/sys_char[5]_i_1_n_0                            | btn_c_filter/reset                                  |                2 |              6 |         3.00 |
|  clk_IBUF_BUFG                         | uart_input_manager/simpleFIFO/valid_reg_1              | uart_input_manager/simpleFIFO/valid_reg_0           |                3 |              6 |         2.00 |
|  clk_IBUF_BUFG                         | VGA_manager/usr_string_reg[22][0]_i_1_n_0              | btn_c_filter/reset                                  |                5 |              6 |         1.20 |
|  clk_IBUF_BUFG                         | VGA_manager/usr_string_reg                             | btn_c_filter/reset                                  |                3 |              6 |         2.00 |
|  clk_IBUF_BUFG                         | VGA_manager/usr_string_reg[14][0]_i_1_n_0              | btn_c_filter/reset                                  |                2 |              6 |         3.00 |
|  clk_IBUF_BUFG                         | VGA_manager/usr_string_reg[15][0]_i_1_n_0              | btn_c_filter/reset                                  |                2 |              6 |         3.00 |
|  clk_IBUF_BUFG                         | VGA_manager/usr_string_reg[10][0]_i_1_n_0              | btn_c_filter/reset                                  |                3 |              6 |         2.00 |
|  clk_IBUF_BUFG                         | VGA_manager/usr_string_reg[11][0]_i_1_n_0              | btn_c_filter/reset                                  |                3 |              6 |         2.00 |
|  clk_IBUF_BUFG                         | VGA_manager/usr_string_reg[12][0]_i_1_n_0              | btn_c_filter/reset                                  |                3 |              6 |         2.00 |
|  clk_IBUF_BUFG                         | VGA_manager/usr_string_reg[13][0]_i_1_n_0              | btn_c_filter/reset                                  |                2 |              6 |         3.00 |
|  clk_IBUF_BUFG                         | VGA_manager/usr_string_reg[17][0]_i_1_n_0              | btn_c_filter/reset                                  |                2 |              6 |         3.00 |
|  clk_IBUF_BUFG                         | VGA_manager/usr_string_reg[16][0]_i_1_n_0              | btn_c_filter/reset                                  |                2 |              6 |         3.00 |
|  clk_IBUF_BUFG                         | VGA_manager/usr_string_reg[18][0]_i_1_n_0              | btn_c_filter/reset                                  |                4 |              6 |         1.50 |
|  clk_IBUF_BUFG                         | VGA_manager/usr_string_reg[19][0]_i_1_n_0              | btn_c_filter/reset                                  |                3 |              6 |         2.00 |
|  clk_IBUF_BUFG                         | VGA_manager/usr_string_reg[1][0]_i_1_n_0               | btn_c_filter/reset                                  |                3 |              6 |         2.00 |
|  clk_IBUF_BUFG                         | VGA_manager/usr_string_reg[20][0]_i_1_n_0              | btn_c_filter/reset                                  |                4 |              6 |         1.50 |
|  clk_IBUF_BUFG                         | VGA_manager/usr_string_reg[23][0]_i_1_n_0              | btn_c_filter/reset                                  |                2 |              6 |         3.00 |
|  clk_IBUF_BUFG                         | VGA_manager/usr_string_reg[21][0]_i_1_n_0              | btn_c_filter/reset                                  |                4 |              6 |         1.50 |
|  clk_IBUF_BUFG                         | VGA_manager/sys_string_reg[22][0]_i_1_n_0              | btn_c_filter/reset                                  |                5 |              6 |         1.20 |
|  clk_IBUF_BUFG                         | VGA_manager/usr_string_reg[24][0]_i_1_n_0              | btn_c_filter/reset                                  |                3 |              6 |         2.00 |
|  clk_IBUF_BUFG                         | VGA_manager/usr_string_reg[25][0]_i_1_n_0              | btn_c_filter/reset                                  |                3 |              6 |         2.00 |
|  clk_IBUF_BUFG                         | VGA_manager/usr_string_reg[27][0]_i_1_n_0              | btn_c_filter/reset                                  |                4 |              6 |         1.50 |
|  clk_IBUF_BUFG                         | VGA_manager/usr_string_reg[26][0]_i_1_n_0              | btn_c_filter/reset                                  |                3 |              6 |         2.00 |
|  clk_IBUF_BUFG                         | VGA_manager/usr_string_reg[28][0]_i_1_n_0              | btn_c_filter/reset                                  |                2 |              6 |         3.00 |
|  clk_IBUF_BUFG                         | VGA_manager/usr_string_reg[2][0]_i_1_n_0               | btn_c_filter/reset                                  |                5 |              6 |         1.20 |
|  clk_IBUF_BUFG                         | VGA_manager/usr_string_reg[29][0]_i_1_n_0              | btn_c_filter/reset                                  |                3 |              6 |         2.00 |
|  clk_IBUF_BUFG                         | VGA_manager/usr_string_reg[3][0]_i_1_n_0               | btn_c_filter/reset                                  |                4 |              6 |         1.50 |
|  clk_IBUF_BUFG                         | VGA_manager/usr_string_reg[4][0]_i_1_n_0               | btn_c_filter/reset                                  |                4 |              6 |         1.50 |
|  clk_IBUF_BUFG                         | VGA_manager/usr_string_reg[5][0]_i_1_n_0               | btn_c_filter/reset                                  |                4 |              6 |         1.50 |
|  clk_IBUF_BUFG                         | VGA_manager/usr_string_reg[6][0]_i_1_n_0               | btn_c_filter/reset                                  |                4 |              6 |         1.50 |
|  clk_IBUF_BUFG                         | VGA_manager/sys_string_reg[7][0]_i_1_n_0               | btn_c_filter/reset                                  |                4 |              6 |         1.50 |
|  clk_IBUF_BUFG                         | VGA_manager/sys_string_reg[6][0]_i_1_n_0               | btn_c_filter/reset                                  |                5 |              6 |         1.20 |
|  clk_IBUF_BUFG                         | VGA_manager/sys_string_reg[9][0]_i_1_n_0               | btn_c_filter/reset                                  |                1 |              6 |         6.00 |
|  clk_IBUF_BUFG                         | VGA_manager/usr_string_reg[8][0]_i_1_n_0               | btn_c_filter/reset                                  |                2 |              6 |         3.00 |
|  clk_IBUF_BUFG                         | uart_input_manager/uart_rx/UART_RX_Data_Out[7]_i_2_n_0 | uart_input_manager/uart_rx/stopBitIsGood0           |                3 |              8 |         2.67 |
|  clk_IBUF_BUFG                         | cmd_handler/translator/command[41]_i_1_n_0             | btn_c_filter/reset                                  |                3 |              8 |         2.67 |
|  clk_IBUF_BUFG                         | uart_input_manager/simpleFIFO/data_out1                |                                                     |                2 |              8 |         4.00 |
|  clk_IBUF_BUFG                         | VGA_cpu/pc[8]_i_1_n_0                                  |                                                     |                6 |              9 |         1.50 |
|  clk_IBUF_BUFG                         | VGA_cpu/cmd_reg[12]_0[0]                               | btn_c_filter/reset                                  |                3 |             10 |         3.33 |
|  clk_IBUF_BUFG                         | VGA_cpu/E[0]                                           | btn_c_filter/reset                                  |                3 |             10 |         3.33 |
|  clk_IBUF_BUFG                         | cmd_handler/translator/command[9]_i_1_n_0              | btn_c_filter/reset                                  |                3 |             10 |         3.33 |
|  clk_IBUF_BUFG                         | cmd_handler/translator/literal                         | btn_c_filter/reset                                  |                6 |             10 |         1.67 |
|  clk_IBUF_BUFG                         | VGA_manager/y_coord[9]_i_1_n_0                         | btn_c_filter/reset                                  |                5 |             10 |         2.00 |
|  vga_clk_BUFG                          | vga/line_done_reg_n_0                                  | btn_c_filter/reset                                  |                7 |             10 |         1.43 |
|  clk_IBUF_BUFG                         | VGA_manager/CEC                                        | btn_c_filter/reset                                  |                4 |             10 |         2.50 |
|  clk_IBUF_BUFG                         | VGA_cpu/cmd[14]_i_1_n_0                                |                                                     |               11 |             11 |         1.00 |
|  vga_clk_BUFG                          |                                                        |                                                     |                9 |             11 |         1.22 |
|  clk_IBUF_BUFG                         | VGA_manager/current_color[11]_i_1_n_0                  | btn_c_filter/reset                                  |                2 |             12 |         6.00 |
|  clk_IBUF_BUFG                         | uart_input_manager/uart_rx/UART_RX_Ready_Out_reg_0     |                                                     |                2 |             12 |         6.00 |
|  clk_IBUF_BUFG                         |                                                        | uart_input_manager/uart_rx/baud_counter[14]_i_1_n_0 |                4 |             15 |         3.75 |
|  clk_IBUF_BUFG                         | cmd_handler/translator/E[0]                            | btn_c_filter/reset                                  |                5 |             18 |         3.60 |
|  vga_clk_BUFG                          |                                                        | btn_c_filter/reset                                  |               12 |             19 |         1.58 |
|  clk_IBUF_BUFG                         | VGA_manager/vram_address[18]_i_1_n_0                   | btn_c_filter/reset                                  |               19 |             19 |         1.00 |
|  clk_IBUF_BUFG                         |                                                        |                                                     |               13 |             23 |         1.77 |
|  clk_IBUF_BUFG                         | cmd_handler/translator/command[33]_i_1_n_0             | btn_c_filter/reset                                  |                8 |             24 |         3.00 |
|  clk_IBUF_BUFG                         | cmd_handler/translator/start_tx_pulse_reg[0]           | btn_c_filter/reset                                  |               14 |             24 |         1.71 |
|  clk_IBUF_BUFG                         | cmd_handler/translator/E[1]                            | btn_c_filter/reset                                  |               10 |             24 |         2.40 |
|  clk_IBUF_BUFG                         |                                                        | btn_c_filter/reset                                  |               16 |             31 |         1.94 |
|  clk_IBUF_BUFG                         | VGA_manager/char_reg[0][0]_i_1_n_0                     | btn_c_filter/reset                                  |               74 |            102 |         1.38 |
+----------------------------------------+--------------------------------------------------------+-----------------------------------------------------+------------------+----------------+--------------+


