#-----------------------------------------------------------
# Vivado v2025.1 (64-bit)
# SW Build 6140274 on Thu May 22 00:12:29 MDT 2025
# IP Build 6138677 on Thu May 22 03:10:11 MDT 2025
# SharedData Build 6139179 on Tue May 20 17:58:58 MDT 2025
# Start of session at: Mon Sep 14 13:03:58 2026
# Process ID         : 12932
# Current directory  : C:/Users/Adskiy Perez/VivadoProjects/UART_cpu_VGA_controller/UART_cpu_VGA_controller.runs/impl_1
# Command line       : vivado.exe -log top.vdi -applog -product Vivado -messageDb vivado.pb -mode batch -source top.tcl -notrace
# Log file           : C:/Users/Adskiy Perez/VivadoProjects/UART_cpu_VGA_controller/UART_cpu_VGA_controller.runs/impl_1/top.vdi
# Journal file       : C:/Users/Adskiy Perez/VivadoProjects/UART_cpu_VGA_controller/UART_cpu_VGA_controller.runs/impl_1\vivado.jou
# Running On         : Samsung-Galaxybook-4
# Platform           : Windows Server 2016 or Windows 10
# Operating System   : 26200
# Processor Detail   : Intel(R) Core(TM) 5 120U
# CPU Frequency      : 2496 MHz
# CPU Physical cores : 10
# CPU Logical cores  : 12
# Host memory        : 16847 MB
# Swap memory        : 3355 MB
# Total Virtual      : 20203 MB
# Available Virtual  : 7807 MB
#-----------------------------------------------------------
source top.tcl -notrace
