
*** Running vivado
    with args -log top.vds -m64 -product Vivado -mode batch -messageDb vivado.pb -notrace -source top.tcl



****** Vivado v2025.1 (64-bit)
  **** SW Build 6140274 on Thu May 22 00:12:29 MDT 2025
  **** IP Build 6138677 on Thu May 22 03:10:11 MDT 2025
  **** SharedData Build 6139179 on Tue May 20 17:58:58 MDT 2025
  **** Start of session at: Sun Sep 13 17:55:38 2026
    ** Copyright 1986-2022 Xilinx, Inc. All Rights Reserved.
    ** Copyright 2022-2025 Advanced Micro Devices, Inc. All Rights Reserved.

source top.tcl -notrace
Command: synth_design -top top -part xc7a100tcsg324-1
Starting synth_design
Attempting to get a license for feature 'Synthesis' and/or device 'xc7a100t'
INFO: [Common 17-349] Got license for feature 'Synthesis' and/or device 'xc7a100t'
INFO: [Device 21-403] Loading part xc7a100tcsg324-1
INFO: [Synth 8-7079] Multithreading enabled for synth_design using a maximum of 2 processes.
INFO: [Synth 8-7078] Launching helper process for spawning children vivado processes
INFO: [Synth 8-7075] Helper process launched with PID 3292
---------------------------------------------------------------------------------
Starting RTL Elaboration : Time (s): cpu = 00:00:04 ; elapsed = 00:00:04 . Memory (MB): peak = 1224.102 ; gain = 496.418
---------------------------------------------------------------------------------
INFO: [Synth 8-11241] undeclared symbol 'reset', assumed default net type 'wire' [C:/Users/Adskiy Perez/VivadoProjects/UART_cpu_VGA_controller/UART_cpu_VGA_controller.srcs/sources_1/new/top.v:61]
INFO: [Synth 8-6157] synthesizing module 'top' [C:/Users/Adskiy Perez/VivadoProjects/UART_cpu_VGA_controller/UART_cpu_VGA_controller.srcs/sources_1/new/top.v:3]
INFO: [Synth 8-6157] synthesizing module 'UART_Input_Manager' [C:/Users/Adskiy Perez/VivadoProjects/UART_cpu_VGA_controller/UART_cpu_VGA_controller.srcs/sources_1/new/UART_Input_Manager.v:3]
	Parameter CLOCK_RATE bound to: 100000000 - type: integer 
	Parameter BAUD_RATE bound to: 9600 - type: integer 
	Parameter DIGIT_RANK bound to: 6 - type: integer 
INFO: [Synth 8-6157] synthesizing module 'UART_RX' [C:/Users/Adskiy Perez/VivadoProjects/UART_cpu_VGA_controller/UART_cpu_VGA_controller.srcs/sources_1/new/UART_RX.v:1]
	Parameter CLOCK_RATE bound to: 100000000 - type: integer 
	Parameter BAUD_RATE bound to: 9600 - type: integer 
INFO: [Synth 8-6155] done synthesizing module 'UART_RX' (0#1) [C:/Users/Adskiy Perez/VivadoProjects/UART_cpu_VGA_controller/UART_cpu_VGA_controller.srcs/sources_1/new/UART_RX.v:1]
INFO: [Synth 8-6157] synthesizing module 'SimpleFIFO' [C:/Users/Adskiy Perez/VivadoProjects/UART_cpu_VGA_controller/UART_cpu_VGA_controller.srcs/sources_1/new/SimpleFIFO.v:3]
	Parameter MEM_SIZE bound to: 2 - type: integer 
	Parameter DATA_SIZE bound to: 8 - type: integer 
INFO: [Synth 8-155] case statement is not full and has no default [C:/Users/Adskiy Perez/VivadoProjects/UART_cpu_VGA_controller/UART_cpu_VGA_controller.srcs/sources_1/new/SimpleFIFO.v:95]
INFO: [Synth 8-6155] done synthesizing module 'SimpleFIFO' (0#1) [C:/Users/Adskiy Perez/VivadoProjects/UART_cpu_VGA_controller/UART_cpu_VGA_controller.srcs/sources_1/new/SimpleFIFO.v:3]
INFO: [Synth 8-6157] synthesizing module 'ASCII_To_HEX' [C:/Users/Adskiy Perez/VivadoProjects/UART_cpu_VGA_controller/UART_cpu_VGA_controller.srcs/sources_1/new/ASCII_To_HEX.v:3]
INFO: [Synth 8-6155] done synthesizing module 'ASCII_To_HEX' (0#1) [C:/Users/Adskiy Perez/VivadoProjects/UART_cpu_VGA_controller/UART_cpu_VGA_controller.srcs/sources_1/new/ASCII_To_HEX.v:3]
INFO: [Synth 8-6155] done synthesizing module 'UART_Input_Manager' (0#1) [C:/Users/Adskiy Perez/VivadoProjects/UART_cpu_VGA_controller/UART_cpu_VGA_controller.srcs/sources_1/new/UART_Input_Manager.v:3]
INFO: [Synth 8-6157] synthesizing module 'CMD_Handler' [C:/Users/Adskiy Perez/VivadoProjects/UART_cpu_VGA_controller/UART_cpu_VGA_controller.srcs/sources_1/new/CMD_Handler.v:1]
	Parameter DIGIT_RANK bound to: 6 - type: integer 
	Parameter CMD_COUNT bound to: 22 - type: integer 
	Parameter LIT_SIZE bound to: 10 - type: integer 
INFO: [Synth 8-6157] synthesizing module 'CMD_Translator' [C:/Users/Adskiy Perez/VivadoProjects/UART_cpu_VGA_controller/UART_cpu_VGA_controller.srcs/sources_1/new/CMD_Translator.v:1]
	Parameter DIGIT_RANK bound to: 6 - type: integer 
	Parameter CMD_COUNT bound to: 22 - type: integer 
	Parameter LIT_SIZE bound to: 10 - type: integer 
INFO: [Synth 8-6155] done synthesizing module 'CMD_Translator' (0#1) [C:/Users/Adskiy Perez/VivadoProjects/UART_cpu_VGA_controller/UART_cpu_VGA_controller.srcs/sources_1/new/CMD_Translator.v:1]
INFO: [Synth 8-155] case statement is not full and has no default [C:/Users/Adskiy Perez/VivadoProjects/UART_cpu_VGA_controller/UART_cpu_VGA_controller.srcs/sources_1/new/CMD_Handler.v:319]
INFO: [Synth 8-155] case statement is not full and has no default [C:/Users/Adskiy Perez/VivadoProjects/UART_cpu_VGA_controller/UART_cpu_VGA_controller.srcs/sources_1/new/CMD_Handler.v:132]
INFO: [Synth 8-6155] done synthesizing module 'CMD_Handler' (0#1) [C:/Users/Adskiy Perez/VivadoProjects/UART_cpu_VGA_controller/UART_cpu_VGA_controller.srcs/sources_1/new/CMD_Handler.v:1]
INFO: [Synth 8-6157] synthesizing module 'cpu' [C:/Users/Adskiy Perez/VivadoProjects/UART_cpu_VGA_controller/UART_cpu_VGA_controller.srcs/sources_1/new/cpu.v:3]
	Parameter CMD_COUNT bound to: 22 - type: integer 
	Parameter LIT_SIZE bound to: 10 - type: integer 
INFO: [Synth 8-3876] $readmem data file 'CPU_mem.mem' is read successfully [C:/Users/Adskiy Perez/VivadoProjects/UART_cpu_VGA_controller/UART_cpu_VGA_controller.srcs/sources_1/new/cpu.v:115]
WARNING: [Synth 8-311] ignoring non-constant assignment in initial block [C:/Users/Adskiy Perez/VivadoProjects/UART_cpu_VGA_controller/UART_cpu_VGA_controller.srcs/sources_1/new/cpu.v:116]
INFO: [Synth 8-155] case statement is not full and has no default [C:/Users/Adskiy Perez/VivadoProjects/UART_cpu_VGA_controller/UART_cpu_VGA_controller.srcs/sources_1/new/cpu.v:169]
INFO: [Synth 8-155] case statement is not full and has no default [C:/Users/Adskiy Perez/VivadoProjects/UART_cpu_VGA_controller/UART_cpu_VGA_controller.srcs/sources_1/new/cpu.v:167]
INFO: [Synth 8-155] case statement is not full and has no default [C:/Users/Adskiy Perez/VivadoProjects/UART_cpu_VGA_controller/UART_cpu_VGA_controller.srcs/sources_1/new/cpu.v:223]
INFO: [Synth 8-6155] done synthesizing module 'cpu' (0#1) [C:/Users/Adskiy Perez/VivadoProjects/UART_cpu_VGA_controller/UART_cpu_VGA_controller.srcs/sources_1/new/cpu.v:3]
INFO: [Synth 8-6157] synthesizing module 'divider' [C:/Users/Adskiy Perez/VivadoProjects/UART_cpu_VGA_controller/UART_cpu_VGA_controller.srcs/sources_1/new/divider.v:3]
	Parameter MOD bound to: 8192 - type: integer 
INFO: [Synth 8-6155] done synthesizing module 'divider' (0#1) [C:/Users/Adskiy Perez/VivadoProjects/UART_cpu_VGA_controller/UART_cpu_VGA_controller.srcs/sources_1/new/divider.v:3]
INFO: [Synth 8-6157] synthesizing module 'SevenSegmentLED' [C:/Users/Adskiy Perez/VivadoProjects/UART_cpu_VGA_controller/UART_cpu_VGA_controller.srcs/sources_1/new/SevenSegmentLED.v:3]
INFO: [Synth 8-226] default block is never used [C:/Users/Adskiy Perez/VivadoProjects/UART_cpu_VGA_controller/UART_cpu_VGA_controller.srcs/sources_1/new/SevenSegmentLED.v:91]
WARNING: [Synth 8-567] referenced signal 'NUMBER_SPLITTER' should be on the sensitivity list [C:/Users/Adskiy Perez/VivadoProjects/UART_cpu_VGA_controller/UART_cpu_VGA_controller.srcs/sources_1/new/SevenSegmentLED.v:36]
INFO: [Synth 8-6155] done synthesizing module 'SevenSegmentLED' (0#1) [C:/Users/Adskiy Perez/VivadoProjects/UART_cpu_VGA_controller/UART_cpu_VGA_controller.srcs/sources_1/new/SevenSegmentLED.v:3]
INFO: [Synth 8-6157] synthesizing module 'divider__parameterized0' [C:/Users/Adskiy Perez/VivadoProjects/UART_cpu_VGA_controller/UART_cpu_VGA_controller.srcs/sources_1/new/divider.v:3]
	Parameter MOD bound to: 4 - type: integer 
INFO: [Synth 8-6155] done synthesizing module 'divider__parameterized0' (0#1) [C:/Users/Adskiy Perez/VivadoProjects/UART_cpu_VGA_controller/UART_cpu_VGA_controller.srcs/sources_1/new/divider.v:3]
INFO: [Synth 8-6157] synthesizing module 'VGA' [C:/Users/Adskiy Perez/VivadoProjects/UART_cpu_VGA_controller/UART_cpu_VGA_controller.srcs/sources_1/new/VGA.v:1]
INFO: [Synth 8-6155] done synthesizing module 'VGA' (0#1) [C:/Users/Adskiy Perez/VivadoProjects/UART_cpu_VGA_controller/UART_cpu_VGA_controller.srcs/sources_1/new/VGA.v:1]
INFO: [Synth 8-6157] synthesizing module 'BRAM_mem_gen_12x307200' [C:/Users/Adskiy Perez/VivadoProjects/UART_cpu_VGA_controller/UART_cpu_VGA_controller.runs/synth_1/.Xil/Vivado-9052-Samsung-Galaxybook-4/realtime/BRAM_mem_gen_12x307200_stub.v:6]
INFO: [Synth 8-6155] done synthesizing module 'BRAM_mem_gen_12x307200' (0#1) [C:/Users/Adskiy Perez/VivadoProjects/UART_cpu_VGA_controller/UART_cpu_VGA_controller.runs/synth_1/.Xil/Vivado-9052-Samsung-Galaxybook-4/realtime/BRAM_mem_gen_12x307200_stub.v:6]
WARNING: [Synth 8-689] width (1) of port connection 'douta' does not match port width (12) of module 'BRAM_mem_gen_12x307200' [C:/Users/Adskiy Perez/VivadoProjects/UART_cpu_VGA_controller/UART_cpu_VGA_controller.srcs/sources_1/new/top.v:165]
WARNING: [Synth 8-315] illegal expression in output port connection [C:/Users/Adskiy Perez/VivadoProjects/UART_cpu_VGA_controller/UART_cpu_VGA_controller.srcs/sources_1/new/top.v:165]
INFO: [Synth 8-6157] synthesizing module 'VGA_Manager' [C:/Users/Adskiy Perez/VivadoProjects/UART_cpu_VGA_controller/UART_cpu_VGA_controller.srcs/sources_1/new/VGA_Manager.v:11]
WARNING: [Synth 8-2898] ignoring malformed $readmem task: invalid memory range [C:/Users/Adskiy Perez/VivadoProjects/UART_cpu_VGA_controller/UART_cpu_VGA_controller.srcs/sources_1/new/VGA_Manager.v:92]
WARNING: [Synth 8-6090] variable 'i' is written by both blocking and non-blocking assignments, entire logic could be removed [C:/Users/Adskiy Perez/VivadoProjects/UART_cpu_VGA_controller/UART_cpu_VGA_controller.srcs/sources_1/new/VGA_Manager.v:99]
WARNING: [Synth 8-6090] variable 'j' is written by both blocking and non-blocking assignments, entire logic could be removed [C:/Users/Adskiy Perez/VivadoProjects/UART_cpu_VGA_controller/UART_cpu_VGA_controller.srcs/sources_1/new/VGA_Manager.v:100]
WARNING: [Synth 8-6090] variable 'i' is written by both blocking and non-blocking assignments, entire logic could be removed [C:/Users/Adskiy Perez/VivadoProjects/UART_cpu_VGA_controller/UART_cpu_VGA_controller.srcs/sources_1/new/VGA_Manager.v:114]
WARNING: [Synth 8-6090] variable 'j' is written by both blocking and non-blocking assignments, entire logic could be removed [C:/Users/Adskiy Perez/VivadoProjects/UART_cpu_VGA_controller/UART_cpu_VGA_controller.srcs/sources_1/new/VGA_Manager.v:115]
INFO: [Synth 8-155] case statement is not full and has no default [C:/Users/Adskiy Perez/VivadoProjects/UART_cpu_VGA_controller/UART_cpu_VGA_controller.srcs/sources_1/new/VGA_Manager.v:131]
INFO: [Synth 8-155] case statement is not full and has no default [C:/Users/Adskiy Perez/VivadoProjects/UART_cpu_VGA_controller/UART_cpu_VGA_controller.srcs/sources_1/new/VGA_Manager.v:164]
INFO: [Synth 8-6155] done synthesizing module 'VGA_Manager' (0#1) [C:/Users/Adskiy Perez/VivadoProjects/UART_cpu_VGA_controller/UART_cpu_VGA_controller.srcs/sources_1/new/VGA_Manager.v:11]
INFO: [Synth 8-6155] done synthesizing module 'top' (0#1) [C:/Users/Adskiy Perez/VivadoProjects/UART_cpu_VGA_controller/UART_cpu_VGA_controller.srcs/sources_1/new/top.v:3]
WARNING: [Synth 8-3848] Net cmd_mem[26] in module/entity cpu does not have driver. [C:/Users/Adskiy Perez/VivadoProjects/UART_cpu_VGA_controller/UART_cpu_VGA_controller.srcs/sources_1/new/cpu.v:76]
WARNING: [Synth 8-3848] Net cmd_mem[27] in module/entity cpu does not have driver. [C:/Users/Adskiy Perez/VivadoProjects/UART_cpu_VGA_controller/UART_cpu_VGA_controller.srcs/sources_1/new/cpu.v:76]
WARNING: [Synth 8-3848] Net cmd_mem[28] in module/entity cpu does not have driver. [C:/Users/Adskiy Perez/VivadoProjects/UART_cpu_VGA_controller/UART_cpu_VGA_controller.srcs/sources_1/new/cpu.v:76]
WARNING: [Synth 8-3848] Net cmd_mem[29] in module/entity cpu does not have driver. [C:/Users/Adskiy Perez/VivadoProjects/UART_cpu_VGA_controller/UART_cpu_VGA_controller.srcs/sources_1/new/cpu.v:76]
WARNING: [Synth 8-3848] Net cmd_mem[30] in module/entity cpu does not have driver. [C:/Users/Adskiy Perez/VivadoProjects/UART_cpu_VGA_controller/UART_cpu_VGA_controller.srcs/sources_1/new/cpu.v:76]
WARNING: [Synth 8-3848] Net cmd_mem[31] in module/entity cpu does not have driver. [C:/Users/Adskiy Perez/VivadoProjects/UART_cpu_VGA_controller/UART_cpu_VGA_controller.srcs/sources_1/new/cpu.v:76]
WARNING: [Synth 8-3848] Net cmd_mem[32] in module/entity cpu does not have driver. [C:/Users/Adskiy Perez/VivadoProjects/UART_cpu_VGA_controller/UART_cpu_VGA_controller.srcs/sources_1/new/cpu.v:76]
WARNING: [Synth 8-3848] Net cmd_mem[33] in module/entity cpu does not have driver. [C:/Users/Adskiy Perez/VivadoProjects/UART_cpu_VGA_controller/UART_cpu_VGA_controller.srcs/sources_1/new/cpu.v:76]
WARNING: [Synth 8-3848] Net cmd_mem[34] in module/entity cpu does not have driver. [C:/Users/Adskiy Perez/VivadoProjects/UART_cpu_VGA_controller/UART_cpu_VGA_controller.srcs/sources_1/new/cpu.v:76]
WARNING: [Synth 8-3848] Net cmd_mem[35] in module/entity cpu does not have driver. [C:/Users/Adskiy Perez/VivadoProjects/UART_cpu_VGA_controller/UART_cpu_VGA_controller.srcs/sources_1/new/cpu.v:76]
WARNING: [Synth 8-3848] Net cmd_mem[36] in module/entity cpu does not have driver. [C:/Users/Adskiy Perez/VivadoProjects/UART_cpu_VGA_controller/UART_cpu_VGA_controller.srcs/sources_1/new/cpu.v:76]
WARNING: [Synth 8-3848] Net cmd_mem[37] in module/entity cpu does not have driver. [C:/Users/Adskiy Perez/VivadoProjects/UART_cpu_VGA_controller/UART_cpu_VGA_controller.srcs/sources_1/new/cpu.v:76]
WARNING: [Synth 8-3848] Net cmd_mem[38] in module/entity cpu does not have driver. [C:/Users/Adskiy Perez/VivadoProjects/UART_cpu_VGA_controller/UART_cpu_VGA_controller.srcs/sources_1/new/cpu.v:76]
WARNING: [Synth 8-3848] Net cmd_mem[39] in module/entity cpu does not have driver. [C:/Users/Adskiy Perez/VivadoProjects/UART_cpu_VGA_controller/UART_cpu_VGA_controller.srcs/sources_1/new/cpu.v:76]
WARNING: [Synth 8-3848] Net cmd_mem[40] in module/entity cpu does not have driver. [C:/Users/Adskiy Perez/VivadoProjects/UART_cpu_VGA_controller/UART_cpu_VGA_controller.srcs/sources_1/new/cpu.v:76]
WARNING: [Synth 8-3848] Net cmd_mem[41] in module/entity cpu does not have driver. [C:/Users/Adskiy Perez/VivadoProjects/UART_cpu_VGA_controller/UART_cpu_VGA_controller.srcs/sources_1/new/cpu.v:76]
WARNING: [Synth 8-3848] Net cmd_mem[42] in module/entity cpu does not have driver. [C:/Users/Adskiy Perez/VivadoProjects/UART_cpu_VGA_controller/UART_cpu_VGA_controller.srcs/sources_1/new/cpu.v:76]
WARNING: [Synth 8-3848] Net cmd_mem[43] in module/entity cpu does not have driver. [C:/Users/Adskiy Perez/VivadoProjects/UART_cpu_VGA_controller/UART_cpu_VGA_controller.srcs/sources_1/new/cpu.v:76]
WARNING: [Synth 8-3848] Net cmd_mem[44] in module/entity cpu does not have driver. [C:/Users/Adskiy Perez/VivadoProjects/UART_cpu_VGA_controller/UART_cpu_VGA_controller.srcs/sources_1/new/cpu.v:76]
WARNING: [Synth 8-3848] Net cmd_mem[45] in module/entity cpu does not have driver. [C:/Users/Adskiy Perez/VivadoProjects/UART_cpu_VGA_controller/UART_cpu_VGA_controller.srcs/sources_1/new/cpu.v:76]
WARNING: [Synth 8-3848] Net cmd_mem[46] in module/entity cpu does not have driver. [C:/Users/Adskiy Perez/VivadoProjects/UART_cpu_VGA_controller/UART_cpu_VGA_controller.srcs/sources_1/new/cpu.v:76]
WARNING: [Synth 8-3848] Net cmd_mem[47] in module/entity cpu does not have driver. [C:/Users/Adskiy Perez/VivadoProjects/UART_cpu_VGA_controller/UART_cpu_VGA_controller.srcs/sources_1/new/cpu.v:76]
WARNING: [Synth 8-3848] Net cmd_mem[48] in module/entity cpu does not have driver. [C:/Users/Adskiy Perez/VivadoProjects/UART_cpu_VGA_controller/UART_cpu_VGA_controller.srcs/sources_1/new/cpu.v:76]
WARNING: [Synth 8-3848] Net cmd_mem[49] in module/entity cpu does not have driver. [C:/Users/Adskiy Perez/VivadoProjects/UART_cpu_VGA_controller/UART_cpu_VGA_controller.srcs/sources_1/new/cpu.v:76]
WARNING: [Synth 8-3848] Net cmd_mem[50] in module/entity cpu does not have driver. [C:/Users/Adskiy Perez/VivadoProjects/UART_cpu_VGA_controller/UART_cpu_VGA_controller.srcs/sources_1/new/cpu.v:76]
WARNING: [Synth 8-3848] Net cmd_mem[51] in module/entity cpu does not have driver. [C:/Users/Adskiy Perez/VivadoProjects/UART_cpu_VGA_controller/UART_cpu_VGA_controller.srcs/sources_1/new/cpu.v:76]
WARNING: [Synth 8-3848] Net cmd_mem[52] in module/entity cpu does not have driver. [C:/Users/Adskiy Perez/VivadoProjects/UART_cpu_VGA_controller/UART_cpu_VGA_controller.srcs/sources_1/new/cpu.v:76]
WARNING: [Synth 8-3848] Net cmd_mem[53] in module/entity cpu does not have driver. [C:/Users/Adskiy Perez/VivadoProjects/UART_cpu_VGA_controller/UART_cpu_VGA_controller.srcs/sources_1/new/cpu.v:76]
WARNING: [Synth 8-3848] Net cmd_mem[54] in module/entity cpu does not have driver. [C:/Users/Adskiy Perez/VivadoProjects/UART_cpu_VGA_controller/UART_cpu_VGA_controller.srcs/sources_1/new/cpu.v:76]
WARNING: [Synth 8-3848] Net cmd_mem[55] in module/entity cpu does not have driver. [C:/Users/Adskiy Perez/VivadoProjects/UART_cpu_VGA_controller/UART_cpu_VGA_controller.srcs/sources_1/new/cpu.v:76]
WARNING: [Synth 8-3848] Net cmd_mem[56] in module/entity cpu does not have driver. [C:/Users/Adskiy Perez/VivadoProjects/UART_cpu_VGA_controller/UART_cpu_VGA_controller.srcs/sources_1/new/cpu.v:76]
WARNING: [Synth 8-3848] Net cmd_mem[57] in module/entity cpu does not have driver. [C:/Users/Adskiy Perez/VivadoProjects/UART_cpu_VGA_controller/UART_cpu_VGA_controller.srcs/sources_1/new/cpu.v:76]
WARNING: [Synth 8-3848] Net cmd_mem[58] in module/entity cpu does not have driver. [C:/Users/Adskiy Perez/VivadoProjects/UART_cpu_VGA_controller/UART_cpu_VGA_controller.srcs/sources_1/new/cpu.v:76]
WARNING: [Synth 8-3848] Net cmd_mem[59] in module/entity cpu does not have driver. [C:/Users/Adskiy Perez/VivadoProjects/UART_cpu_VGA_controller/UART_cpu_VGA_controller.srcs/sources_1/new/cpu.v:76]
WARNING: [Synth 8-3848] Net cmd_mem[60] in module/entity cpu does not have driver. [C:/Users/Adskiy Perez/VivadoProjects/UART_cpu_VGA_controller/UART_cpu_VGA_controller.srcs/sources_1/new/cpu.v:76]
WARNING: [Synth 8-3848] Net cmd_mem[61] in module/entity cpu does not have driver. [C:/Users/Adskiy Perez/VivadoProjects/UART_cpu_VGA_controller/UART_cpu_VGA_controller.srcs/sources_1/new/cpu.v:76]
WARNING: [Synth 8-3848] Net cmd_mem[62] in module/entity cpu does not have driver. [C:/Users/Adskiy Perez/VivadoProjects/UART_cpu_VGA_controller/UART_cpu_VGA_controller.srcs/sources_1/new/cpu.v:76]
WARNING: [Synth 8-3848] Net cmd_mem[63] in module/entity cpu does not have driver. [C:/Users/Adskiy Perez/VivadoProjects/UART_cpu_VGA_controller/UART_cpu_VGA_controller.srcs/sources_1/new/cpu.v:76]
WARNING: [Synth 8-3848] Net cmd_mem[64] in module/entity cpu does not have driver. [C:/Users/Adskiy Perez/VivadoProjects/UART_cpu_VGA_controller/UART_cpu_VGA_controller.srcs/sources_1/new/cpu.v:76]
WARNING: [Synth 8-3848] Net cmd_mem[65] in module/entity cpu does not have driver. [C:/Users/Adskiy Perez/VivadoProjects/UART_cpu_VGA_controller/UART_cpu_VGA_controller.srcs/sources_1/new/cpu.v:76]
WARNING: [Synth 8-3848] Net cmd_mem[66] in module/entity cpu does not have driver. [C:/Users/Adskiy Perez/VivadoProjects/UART_cpu_VGA_controller/UART_cpu_VGA_controller.srcs/sources_1/new/cpu.v:76]
WARNING: [Synth 8-3848] Net cmd_mem[67] in module/entity cpu does not have driver. [C:/Users/Adskiy Perez/VivadoProjects/UART_cpu_VGA_controller/UART_cpu_VGA_controller.srcs/sources_1/new/cpu.v:76]
WARNING: [Synth 8-3848] Net cmd_mem[68] in module/entity cpu does not have driver. [C:/Users/Adskiy Perez/VivadoProjects/UART_cpu_VGA_controller/UART_cpu_VGA_controller.srcs/sources_1/new/cpu.v:76]
WARNING: [Synth 8-3848] Net cmd_mem[69] in module/entity cpu does not have driver. [C:/Users/Adskiy Perez/VivadoProjects/UART_cpu_VGA_controller/UART_cpu_VGA_controller.srcs/sources_1/new/cpu.v:76]
WARNING: [Synth 8-3848] Net cmd_mem[70] in module/entity cpu does not have driver. [C:/Users/Adskiy Perez/VivadoProjects/UART_cpu_VGA_controller/UART_cpu_VGA_controller.srcs/sources_1/new/cpu.v:76]
WARNING: [Synth 8-3848] Net cmd_mem[71] in module/entity cpu does not have driver. [C:/Users/Adskiy Perez/VivadoProjects/UART_cpu_VGA_controller/UART_cpu_VGA_controller.srcs/sources_1/new/cpu.v:76]
WARNING: [Synth 8-3848] Net cmd_mem[72] in module/entity cpu does not have driver. [C:/Users/Adskiy Perez/VivadoProjects/UART_cpu_VGA_controller/UART_cpu_VGA_controller.srcs/sources_1/new/cpu.v:76]
WARNING: [Synth 8-3848] Net cmd_mem[73] in module/entity cpu does not have driver. [C:/Users/Adskiy Perez/VivadoProjects/UART_cpu_VGA_controller/UART_cpu_VGA_controller.srcs/sources_1/new/cpu.v:76]
WARNING: [Synth 8-3848] Net cmd_mem[74] in module/entity cpu does not have driver. [C:/Users/Adskiy Perez/VivadoProjects/UART_cpu_VGA_controller/UART_cpu_VGA_controller.srcs/sources_1/new/cpu.v:76]
WARNING: [Synth 8-3848] Net cmd_mem[75] in module/entity cpu does not have driver. [C:/Users/Adskiy Perez/VivadoProjects/UART_cpu_VGA_controller/UART_cpu_VGA_controller.srcs/sources_1/new/cpu.v:76]
WARNING: [Synth 8-3848] Net cmd_mem[76] in module/entity cpu does not have driver. [C:/Users/Adskiy Perez/VivadoProjects/UART_cpu_VGA_controller/UART_cpu_VGA_controller.srcs/sources_1/new/cpu.v:76]
WARNING: [Synth 8-3848] Net cmd_mem[77] in module/entity cpu does not have driver. [C:/Users/Adskiy Perez/VivadoProjects/UART_cpu_VGA_controller/UART_cpu_VGA_controller.srcs/sources_1/new/cpu.v:76]
WARNING: [Synth 8-3848] Net cmd_mem[78] in module/entity cpu does not have driver. [C:/Users/Adskiy Perez/VivadoProjects/UART_cpu_VGA_controller/UART_cpu_VGA_controller.srcs/sources_1/new/cpu.v:76]
WARNING: [Synth 8-3848] Net cmd_mem[79] in module/entity cpu does not have driver. [C:/Users/Adskiy Perez/VivadoProjects/UART_cpu_VGA_controller/UART_cpu_VGA_controller.srcs/sources_1/new/cpu.v:76]
WARNING: [Synth 8-3848] Net cmd_mem[80] in module/entity cpu does not have driver. [C:/Users/Adskiy Perez/VivadoProjects/UART_cpu_VGA_controller/UART_cpu_VGA_controller.srcs/sources_1/new/cpu.v:76]
WARNING: [Synth 8-3848] Net cmd_mem[81] in module/entity cpu does not have driver. [C:/Users/Adskiy Perez/VivadoProjects/UART_cpu_VGA_controller/UART_cpu_VGA_controller.srcs/sources_1/new/cpu.v:76]
WARNING: [Synth 8-3848] Net cmd_mem[82] in module/entity cpu does not have driver. [C:/Users/Adskiy Perez/VivadoProjects/UART_cpu_VGA_controller/UART_cpu_VGA_controller.srcs/sources_1/new/cpu.v:76]
WARNING: [Synth 8-3848] Net cmd_mem[83] in module/entity cpu does not have driver. [C:/Users/Adskiy Perez/VivadoProjects/UART_cpu_VGA_controller/UART_cpu_VGA_controller.srcs/sources_1/new/cpu.v:76]
WARNING: [Synth 8-3848] Net cmd_mem[84] in module/entity cpu does not have driver. [C:/Users/Adskiy Perez/VivadoProjects/UART_cpu_VGA_controller/UART_cpu_VGA_controller.srcs/sources_1/new/cpu.v:76]
WARNING: [Synth 8-3848] Net cmd_mem[85] in module/entity cpu does not have driver. [C:/Users/Adskiy Perez/VivadoProjects/UART_cpu_VGA_controller/UART_cpu_VGA_controller.srcs/sources_1/new/cpu.v:76]
WARNING: [Synth 8-3848] Net cmd_mem[86] in module/entity cpu does not have driver. [C:/Users/Adskiy Perez/VivadoProjects/UART_cpu_VGA_controller/UART_cpu_VGA_controller.srcs/sources_1/new/cpu.v:76]
WARNING: [Synth 8-3848] Net cmd_mem[87] in module/entity cpu does not have driver. [C:/Users/Adskiy Perez/VivadoProjects/UART_cpu_VGA_controller/UART_cpu_VGA_controller.srcs/sources_1/new/cpu.v:76]
WARNING: [Synth 8-3848] Net cmd_mem[88] in module/entity cpu does not have driver. [C:/Users/Adskiy Perez/VivadoProjects/UART_cpu_VGA_controller/UART_cpu_VGA_controller.srcs/sources_1/new/cpu.v:76]
WARNING: [Synth 8-3848] Net cmd_mem[89] in module/entity cpu does not have driver. [C:/Users/Adskiy Perez/VivadoProjects/UART_cpu_VGA_controller/UART_cpu_VGA_controller.srcs/sources_1/new/cpu.v:76]
WARNING: [Synth 8-3848] Net cmd_mem[90] in module/entity cpu does not have driver. [C:/Users/Adskiy Perez/VivadoProjects/UART_cpu_VGA_controller/UART_cpu_VGA_controller.srcs/sources_1/new/cpu.v:76]
WARNING: [Synth 8-3848] Net cmd_mem[91] in module/entity cpu does not have driver. [C:/Users/Adskiy Perez/VivadoProjects/UART_cpu_VGA_controller/UART_cpu_VGA_controller.srcs/sources_1/new/cpu.v:76]
WARNING: [Synth 8-3848] Net cmd_mem[92] in module/entity cpu does not have driver. [C:/Users/Adskiy Perez/VivadoProjects/UART_cpu_VGA_controller/UART_cpu_VGA_controller.srcs/sources_1/new/cpu.v:76]
WARNING: [Synth 8-3848] Net cmd_mem[93] in module/entity cpu does not have driver. [C:/Users/Adskiy Perez/VivadoProjects/UART_cpu_VGA_controller/UART_cpu_VGA_controller.srcs/sources_1/new/cpu.v:76]
WARNING: [Synth 8-3848] Net cmd_mem[94] in module/entity cpu does not have driver. [C:/Users/Adskiy Perez/VivadoProjects/UART_cpu_VGA_controller/UART_cpu_VGA_controller.srcs/sources_1/new/cpu.v:76]
WARNING: [Synth 8-3848] Net cmd_mem[95] in module/entity cpu does not have driver. [C:/Users/Adskiy Perez/VivadoProjects/UART_cpu_VGA_controller/UART_cpu_VGA_controller.srcs/sources_1/new/cpu.v:76]
WARNING: [Synth 8-3848] Net cmd_mem[96] in module/entity cpu does not have driver. [C:/Users/Adskiy Perez/VivadoProjects/UART_cpu_VGA_controller/UART_cpu_VGA_controller.srcs/sources_1/new/cpu.v:76]
WARNING: [Synth 8-3848] Net cmd_mem[97] in module/entity cpu does not have driver. [C:/Users/Adskiy Perez/VivadoProjects/UART_cpu_VGA_controller/UART_cpu_VGA_controller.srcs/sources_1/new/cpu.v:76]
WARNING: [Synth 8-3848] Net cmd_mem[98] in module/entity cpu does not have driver. [C:/Users/Adskiy Perez/VivadoProjects/UART_cpu_VGA_controller/UART_cpu_VGA_controller.srcs/sources_1/new/cpu.v:76]
WARNING: [Synth 8-3848] Net cmd_mem[99] in module/entity cpu does not have driver. [C:/Users/Adskiy Perez/VivadoProjects/UART_cpu_VGA_controller/UART_cpu_VGA_controller.srcs/sources_1/new/cpu.v:76]
WARNING: [Synth 8-3848] Net cmd_mem[100] in module/entity cpu does not have driver. [C:/Users/Adskiy Perez/VivadoProjects/UART_cpu_VGA_controller/UART_cpu_VGA_controller.srcs/sources_1/new/cpu.v:76]
WARNING: [Synth 8-3848] Net cmd_mem[101] in module/entity cpu does not have driver. [C:/Users/Adskiy Perez/VivadoProjects/UART_cpu_VGA_controller/UART_cpu_VGA_controller.srcs/sources_1/new/cpu.v:76]
WARNING: [Synth 8-3848] Net cmd_mem[102] in module/entity cpu does not have driver. [C:/Users/Adskiy Perez/VivadoProjects/UART_cpu_VGA_controller/UART_cpu_VGA_controller.srcs/sources_1/new/cpu.v:76]
WARNING: [Synth 8-3848] Net cmd_mem[103] in module/entity cpu does not have driver. [C:/Users/Adskiy Perez/VivadoProjects/UART_cpu_VGA_controller/UART_cpu_VGA_controller.srcs/sources_1/new/cpu.v:76]
WARNING: [Synth 8-3848] Net cmd_mem[104] in module/entity cpu does not have driver. [C:/Users/Adskiy Perez/VivadoProjects/UART_cpu_VGA_controller/UART_cpu_VGA_controller.srcs/sources_1/new/cpu.v:76]
WARNING: [Synth 8-3848] Net cmd_mem[105] in module/entity cpu does not have driver. [C:/Users/Adskiy Perez/VivadoProjects/UART_cpu_VGA_controller/UART_cpu_VGA_controller.srcs/sources_1/new/cpu.v:76]
WARNING: [Synth 8-3848] Net cmd_mem[106] in module/entity cpu does not have driver. [C:/Users/Adskiy Perez/VivadoProjects/UART_cpu_VGA_controller/UART_cpu_VGA_controller.srcs/sources_1/new/cpu.v:76]
WARNING: [Synth 8-3848] Net cmd_mem[107] in module/entity cpu does not have driver. [C:/Users/Adskiy Perez/VivadoProjects/UART_cpu_VGA_controller/UART_cpu_VGA_controller.srcs/sources_1/new/cpu.v:76]
WARNING: [Synth 8-3848] Net cmd_mem[108] in module/entity cpu does not have driver. [C:/Users/Adskiy Perez/VivadoProjects/UART_cpu_VGA_controller/UART_cpu_VGA_controller.srcs/sources_1/new/cpu.v:76]
WARNING: [Synth 8-3848] Net cmd_mem[109] in module/entity cpu does not have driver. [C:/Users/Adskiy Perez/VivadoProjects/UART_cpu_VGA_controller/UART_cpu_VGA_controller.srcs/sources_1/new/cpu.v:76]
WARNING: [Synth 8-3848] Net cmd_mem[110] in module/entity cpu does not have driver. [C:/Users/Adskiy Perez/VivadoProjects/UART_cpu_VGA_controller/UART_cpu_VGA_controller.srcs/sources_1/new/cpu.v:76]
WARNING: [Synth 8-3848] Net cmd_mem[111] in module/entity cpu does not have driver. [C:/Users/Adskiy Perez/VivadoProjects/UART_cpu_VGA_controller/UART_cpu_VGA_controller.srcs/sources_1/new/cpu.v:76]
WARNING: [Synth 8-3848] Net cmd_mem[112] in module/entity cpu does not have driver. [C:/Users/Adskiy Perez/VivadoProjects/UART_cpu_VGA_controller/UART_cpu_VGA_controller.srcs/sources_1/new/cpu.v:76]
WARNING: [Synth 8-3848] Net cmd_mem[113] in module/entity cpu does not have driver. [C:/Users/Adskiy Perez/VivadoProjects/UART_cpu_VGA_controller/UART_cpu_VGA_controller.srcs/sources_1/new/cpu.v:76]
WARNING: [Synth 8-3848] Net cmd_mem[114] in module/entity cpu does not have driver. [C:/Users/Adskiy Perez/VivadoProjects/UART_cpu_VGA_controller/UART_cpu_VGA_controller.srcs/sources_1/new/cpu.v:76]
WARNING: [Synth 8-3848] Net cmd_mem[115] in module/entity cpu does not have driver. [C:/Users/Adskiy Perez/VivadoProjects/UART_cpu_VGA_controller/UART_cpu_VGA_controller.srcs/sources_1/new/cpu.v:76]
WARNING: [Synth 8-3848] Net cmd_mem[116] in module/entity cpu does not have driver. [C:/Users/Adskiy Perez/VivadoProjects/UART_cpu_VGA_controller/UART_cpu_VGA_controller.srcs/sources_1/new/cpu.v:76]
WARNING: [Synth 8-3848] Net cmd_mem[117] in module/entity cpu does not have driver. [C:/Users/Adskiy Perez/VivadoProjects/UART_cpu_VGA_controller/UART_cpu_VGA_controller.srcs/sources_1/new/cpu.v:76]
WARNING: [Synth 8-3848] Net cmd_mem[118] in module/entity cpu does not have driver. [C:/Users/Adskiy Perez/VivadoProjects/UART_cpu_VGA_controller/UART_cpu_VGA_controller.srcs/sources_1/new/cpu.v:76]
WARNING: [Synth 8-3848] Net cmd_mem[119] in module/entity cpu does not have driver. [C:/Users/Adskiy Perez/VivadoProjects/UART_cpu_VGA_controller/UART_cpu_VGA_controller.srcs/sources_1/new/cpu.v:76]
WARNING: [Synth 8-3848] Net cmd_mem[120] in module/entity cpu does not have driver. [C:/Users/Adskiy Perez/VivadoProjects/UART_cpu_VGA_controller/UART_cpu_VGA_controller.srcs/sources_1/new/cpu.v:76]
WARNING: [Synth 8-3848] Net cmd_mem[121] in module/entity cpu does not have driver. [C:/Users/Adskiy Perez/VivadoProjects/UART_cpu_VGA_controller/UART_cpu_VGA_controller.srcs/sources_1/new/cpu.v:76]
WARNING: [Synth 8-3848] Net cmd_mem[122] in module/entity cpu does not have driver. [C:/Users/Adskiy Perez/VivadoProjects/UART_cpu_VGA_controller/UART_cpu_VGA_controller.srcs/sources_1/new/cpu.v:76]
WARNING: [Synth 8-3848] Net cmd_mem[123] in module/entity cpu does not have driver. [C:/Users/Adskiy Perez/VivadoProjects/UART_cpu_VGA_controller/UART_cpu_VGA_controller.srcs/sources_1/new/cpu.v:76]
WARNING: [Synth 8-3848] Net cmd_mem[124] in module/entity cpu does not have driver. [C:/Users/Adskiy Perez/VivadoProjects/UART_cpu_VGA_controller/UART_cpu_VGA_controller.srcs/sources_1/new/cpu.v:76]
WARNING: [Synth 8-3848] Net cmd_mem[125] in module/entity cpu does not have driver. [C:/Users/Adskiy Perez/VivadoProjects/UART_cpu_VGA_controller/UART_cpu_VGA_controller.srcs/sources_1/new/cpu.v:76]
INFO: [Common 17-14] Message 'Synth 8-3848' appears 100 times and further instances of the messages will be disabled. Use the Tcl command set_msg_config to change the current settings.
WARNING: [Synth 8-7137] Register red_reg_reg in module VGA has both Set and reset with same priority. This may cause simulation mismatches. Consider rewriting code  [C:/Users/Adskiy Perez/VivadoProjects/UART_cpu_VGA_controller/UART_cpu_VGA_controller.srcs/sources_1/new/VGA.v:86]
WARNING: [Synth 8-7137] Register green_reg_reg in module VGA has both Set and reset with same priority. This may cause simulation mismatches. Consider rewriting code  [C:/Users/Adskiy Perez/VivadoProjects/UART_cpu_VGA_controller/UART_cpu_VGA_controller.srcs/sources_1/new/VGA.v:87]
WARNING: [Synth 8-7137] Register blue_reg_reg in module VGA has both Set and reset with same priority. This may cause simulation mismatches. Consider rewriting code  [C:/Users/Adskiy Perez/VivadoProjects/UART_cpu_VGA_controller/UART_cpu_VGA_controller.srcs/sources_1/new/VGA.v:88]
WARNING: [Synth 8-6014] Unused sequential element i_reg was removed.  [C:/Users/Adskiy Perez/VivadoProjects/UART_cpu_VGA_controller/UART_cpu_VGA_controller.srcs/sources_1/new/VGA_Manager.v:108]
WARNING: [Synth 8-6014] Unused sequential element j_reg was removed.  [C:/Users/Adskiy Perez/VivadoProjects/UART_cpu_VGA_controller/UART_cpu_VGA_controller.srcs/sources_1/new/VGA_Manager.v:112]
WARNING: [Synth 8-7129] Port write_char_en in module VGA_Manager is either unconnected or has no load
WARNING: [Synth 8-7129] Port x2_coord[9] in module VGA_Manager is either unconnected or has no load
WARNING: [Synth 8-7129] Port x2_coord[8] in module VGA_Manager is either unconnected or has no load
WARNING: [Synth 8-7129] Port x2_coord[7] in module VGA_Manager is either unconnected or has no load
WARNING: [Synth 8-7129] Port x2_coord[6] in module VGA_Manager is either unconnected or has no load
WARNING: [Synth 8-7129] Port x2_coord[5] in module VGA_Manager is either unconnected or has no load
WARNING: [Synth 8-7129] Port x2_coord[4] in module VGA_Manager is either unconnected or has no load
WARNING: [Synth 8-7129] Port x2_coord[3] in module VGA_Manager is either unconnected or has no load
WARNING: [Synth 8-7129] Port x2_coord[2] in module VGA_Manager is either unconnected or has no load
WARNING: [Synth 8-7129] Port x2_coord[1] in module VGA_Manager is either unconnected or has no load
WARNING: [Synth 8-7129] Port x2_coord[0] in module VGA_Manager is either unconnected or has no load
WARNING: [Synth 8-7129] Port y2_coord[9] in module VGA_Manager is either unconnected or has no load
WARNING: [Synth 8-7129] Port y2_coord[8] in module VGA_Manager is either unconnected or has no load
WARNING: [Synth 8-7129] Port y2_coord[7] in module VGA_Manager is either unconnected or has no load
WARNING: [Synth 8-7129] Port y2_coord[6] in module VGA_Manager is either unconnected or has no load
WARNING: [Synth 8-7129] Port y2_coord[5] in module VGA_Manager is either unconnected or has no load
WARNING: [Synth 8-7129] Port y2_coord[4] in module VGA_Manager is either unconnected or has no load
WARNING: [Synth 8-7129] Port y2_coord[3] in module VGA_Manager is either unconnected or has no load
WARNING: [Synth 8-7129] Port y2_coord[2] in module VGA_Manager is either unconnected or has no load
WARNING: [Synth 8-7129] Port y2_coord[1] in module VGA_Manager is either unconnected or has no load
WARNING: [Synth 8-7129] Port y2_coord[0] in module VGA_Manager is either unconnected or has no load
WARNING: [Synth 8-7129] Port x3_coord[9] in module VGA_Manager is either unconnected or has no load
WARNING: [Synth 8-7129] Port x3_coord[8] in module VGA_Manager is either unconnected or has no load
WARNING: [Synth 8-7129] Port x3_coord[7] in module VGA_Manager is either unconnected or has no load
WARNING: [Synth 8-7129] Port x3_coord[6] in module VGA_Manager is either unconnected or has no load
WARNING: [Synth 8-7129] Port x3_coord[5] in module VGA_Manager is either unconnected or has no load
WARNING: [Synth 8-7129] Port x3_coord[4] in module VGA_Manager is either unconnected or has no load
WARNING: [Synth 8-7129] Port x3_coord[3] in module VGA_Manager is either unconnected or has no load
WARNING: [Synth 8-7129] Port x3_coord[2] in module VGA_Manager is either unconnected or has no load
WARNING: [Synth 8-7129] Port x3_coord[1] in module VGA_Manager is either unconnected or has no load
WARNING: [Synth 8-7129] Port x3_coord[0] in module VGA_Manager is either unconnected or has no load
WARNING: [Synth 8-7129] Port y3_coord[9] in module VGA_Manager is either unconnected or has no load
WARNING: [Synth 8-7129] Port y3_coord[8] in module VGA_Manager is either unconnected or has no load
WARNING: [Synth 8-7129] Port y3_coord[7] in module VGA_Manager is either unconnected or has no load
WARNING: [Synth 8-7129] Port y3_coord[6] in module VGA_Manager is either unconnected or has no load
WARNING: [Synth 8-7129] Port y3_coord[5] in module VGA_Manager is either unconnected or has no load
WARNING: [Synth 8-7129] Port y3_coord[4] in module VGA_Manager is either unconnected or has no load
WARNING: [Synth 8-7129] Port y3_coord[3] in module VGA_Manager is either unconnected or has no load
WARNING: [Synth 8-7129] Port y3_coord[2] in module VGA_Manager is either unconnected or has no load
WARNING: [Synth 8-7129] Port y3_coord[1] in module VGA_Manager is either unconnected or has no load
WARNING: [Synth 8-7129] Port y3_coord[0] in module VGA_Manager is either unconnected or has no load
---------------------------------------------------------------------------------
Finished RTL Elaboration : Time (s): cpu = 00:00:06 ; elapsed = 00:00:06 . Memory (MB): peak = 1419.305 ; gain = 691.621
---------------------------------------------------------------------------------
---------------------------------------------------------------------------------
Start Handling Custom Attributes
---------------------------------------------------------------------------------
---------------------------------------------------------------------------------
Finished Handling Custom Attributes : Time (s): cpu = 00:00:06 ; elapsed = 00:00:06 . Memory (MB): peak = 1419.305 ; gain = 691.621
---------------------------------------------------------------------------------
---------------------------------------------------------------------------------
Finished RTL Optimization Phase 1 : Time (s): cpu = 00:00:06 ; elapsed = 00:00:06 . Memory (MB): peak = 1419.305 ; gain = 691.621
---------------------------------------------------------------------------------
Netlist sorting complete. Time (s): cpu = 00:00:00 ; elapsed = 00:00:00.031 . Memory (MB): peak = 1419.305 ; gain = 0.000
INFO: [Project 1-570] Preparing netlist for logic optimization

Processing XDC Constraints
Initializing timing engine
Parsing XDC File [c:/Users/Adskiy Perez/VivadoProjects/UART_cpu_VGA_controller/UART_cpu_VGA_controller.gen/sources_1/ip/BRAM_mem_gen_12x307200/BRAM_mem_gen_12x307200/BRAM_mem_gen_12x307200_in_context.xdc] for cell 'VGA_MEM'
Finished Parsing XDC File [c:/Users/Adskiy Perez/VivadoProjects/UART_cpu_VGA_controller/UART_cpu_VGA_controller.gen/sources_1/ip/BRAM_mem_gen_12x307200/BRAM_mem_gen_12x307200/BRAM_mem_gen_12x307200_in_context.xdc] for cell 'VGA_MEM'
Parsing XDC File [C:/Users/Adskiy Perez/VivadoProjects/UART_cpu_VGA_controller/UART_cpu_VGA_controller.srcs/constrs_1/new/constraints.xdc]
Finished Parsing XDC File [C:/Users/Adskiy Perez/VivadoProjects/UART_cpu_VGA_controller/UART_cpu_VGA_controller.srcs/constrs_1/new/constraints.xdc]
INFO: [Project 1-236] Implementation specific constraints were found while reading constraint file [C:/Users/Adskiy Perez/VivadoProjects/UART_cpu_VGA_controller/UART_cpu_VGA_controller.srcs/constrs_1/new/constraints.xdc]. These constraints will be ignored for synthesis but will be used in implementation. Impacted constraints are listed in the file [.Xil/top_propImpl.xdc].
Resolution: To avoid this warning, move constraints listed in [.Xil/top_propImpl.xdc] to another XDC file and exclude this new file from synthesis with the used_in_synthesis property (File Properties dialog in GUI) and re-run elaboration/synthesis.
Completed Processing XDC Constraints

Netlist sorting complete. Time (s): cpu = 00:00:00 ; elapsed = 00:00:00.001 . Memory (MB): peak = 1489.703 ; gain = 0.000
INFO: [Project 1-111] Unisim Transformation Summary:
No Unisim elements were transformed.

Constraint Validation Runtime : Time (s): cpu = 00:00:00 ; elapsed = 00:00:00.008 . Memory (MB): peak = 1489.703 ; gain = 0.000
WARNING: [Timing 38-316] Clock period '20.000' specified during out-of-context synthesis of instance 'VGA_MEM' at clock pin 'clka' is different from the actual clock period '10.000', this can lead to different synthesis results.
---------------------------------------------------------------------------------
Finished Constraint Validation : Time (s): cpu = 00:00:13 ; elapsed = 00:00:13 . Memory (MB): peak = 1490.492 ; gain = 762.809
---------------------------------------------------------------------------------
---------------------------------------------------------------------------------
Start Loading Part and Timing Information
---------------------------------------------------------------------------------
Loading part: xc7a100tcsg324-1
---------------------------------------------------------------------------------
Finished Loading Part and Timing Information : Time (s): cpu = 00:00:13 ; elapsed = 00:00:13 . Memory (MB): peak = 1490.492 ; gain = 762.809
---------------------------------------------------------------------------------
---------------------------------------------------------------------------------
Start Applying 'set_property' XDC Constraints
---------------------------------------------------------------------------------
---------------------------------------------------------------------------------
Finished applying 'set_property' XDC Constraints : Time (s): cpu = 00:00:13 ; elapsed = 00:00:13 . Memory (MB): peak = 1490.492 ; gain = 762.809
---------------------------------------------------------------------------------
INFO: [Synth 8-802] inferred FSM for state register 'state_reg' in module 'UART_RX'
INFO: [Synth 8-802] inferred FSM for state register 'state_r_reg' in module 'CMD_Translator'
INFO: [Synth 8-802] inferred FSM for state register 'j_reg' in module 'CMD_Translator'
INFO: [Synth 8-802] inferred FSM for state register 'state_reg' in module 'CMD_Handler'
INFO: [Synth 8-802] inferred FSM for state register 'stage_counter_reg' in module 'cpu'
INFO: [Synth 8-802] inferred FSM for state register 'h_state_reg' in module 'VGA'
INFO: [Synth 8-802] inferred FSM for state register 'v_state_reg' in module 'VGA'
INFO: [Synth 8-802] inferred FSM for state register 'state_reg' in module 'VGA_Manager'
---------------------------------------------------------------------------------------------------
                   State |                     New Encoding |                Previous Encoding 
---------------------------------------------------------------------------------------------------
                   RESET |                               00 |                               00
          WAIT_START_BIT |                               01 |                               01
                LOAD_BIT |                               10 |                               10
          WAIT_HALF_RATE |                               11 |                               11
---------------------------------------------------------------------------------------------------
INFO: [Synth 8-3354] encoded FSM with state register 'state_reg' using encoding 'sequential' in module 'UART_RX'
---------------------------------------------------------------------------------------------------
                   State |                     New Encoding |                Previous Encoding 
---------------------------------------------------------------------------------------------------
                 iSTATE0 |                             0001 |                               00
                 iSTATE1 |                             0010 |                               01
                 iSTATE2 |                             0100 |                               10
                  iSTATE |                             1000 |                               11
---------------------------------------------------------------------------------------------------
INFO: [Synth 8-3354] encoded FSM with state register 'j_reg' using encoding 'one-hot' in module 'CMD_Translator'
---------------------------------------------------------------------------------------------------
                   State |                     New Encoding |                Previous Encoding 
---------------------------------------------------------------------------------------------------
                 ST_IDLE |                               00 |                               00
        ST_TRANSLATE_CMD |                               01 |                               01
        ST_CHECK_COMMAND |                               10 |                               10
            SEND_COMMAND |                               11 |                               11
---------------------------------------------------------------------------------------------------
INFO: [Synth 8-3354] encoded FSM with state register 'state_r_reg' using encoding 'sequential' in module 'CMD_Translator'
---------------------------------------------------------------------------------------------------
                   State |                     New Encoding |                Previous Encoding 
---------------------------------------------------------------------------------------------------
                 ST_IDLE |                            00000 |                            00000
                      PI |                            00001 |                            00001
                     PIX |                            00010 |                            00010
                 ST_PIXL |                            00011 |                            00011
                      AS |                            00100 |                            00100
                     ASC |                            00101 |                            00101
                 ST_ASCI |                            00110 |                            00110
                      TR |                            00111 |                            00111
                     TRI |                            01000 |                            01000
                 ST_TRIG |                            01001 |                            01001
         INPUT_GREEN_CLR |                            01010 |                            01010
           INPUT_RED_CLR |                            01011 |                            01011
          INPUT_BLUE_CLR |                            01100 |                            01100
          INPUT_X1_COORD |                            01101 |                            01101
          INPUT_Y1_COORD |                            01110 |                            01110
        INPUT_STRING_LEN |                            01111 |                            10011
            INPUT_STRING |                            10000 |                            10100
          INPUT_X2_COORD |                            10001 |                            01111
          INPUT_Y2_COORD |                            10010 |                            10000
          INPUT_X3_COORD |                            10011 |                            10001
          INPUT_Y3_COORD |                            10100 |                            10010
      WAIT_CPU_EXECUTION |                            10101 |                            10101
                ST_RESET |                            10110 |                            10110
---------------------------------------------------------------------------------------------------
INFO: [Synth 8-3354] encoded FSM with state register 'state_reg' using encoding 'sequential' in module 'CMD_Handler'
---------------------------------------------------------------------------------------------------
                   State |                     New Encoding |                Previous Encoding 
---------------------------------------------------------------------------------------------------
                  iSTATE |                               00 |                               00
*
                 iSTATE0 |                               01 |                               01
                 iSTATE1 |                               10 |                               10
---------------------------------------------------------------------------------------------------
INFO: [Synth 8-3354] encoded FSM with state register 'stage_counter_reg' using encoding 'sequential' in module 'cpu'
---------------------------------------------------------------------------------------------------
                   State |                     New Encoding |                Previous Encoding 
---------------------------------------------------------------------------------------------------
                 iSTATE1 |                               01 |                         00000000
*
                 iSTATE2 |                               00 |                         00000001
                 iSTATE0 |                               10 |                         00000010
                  iSTATE |                               11 |                         00000011
---------------------------------------------------------------------------------------------------
INFO: [Synth 8-3354] encoded FSM with state register 'h_state_reg' using encoding 'sequential' in module 'VGA'
---------------------------------------------------------------------------------------------------
                   State |                     New Encoding |                Previous Encoding 
---------------------------------------------------------------------------------------------------
                 iSTATE1 |                               00 |                         00000000
*
                 iSTATE2 |                               01 |                         00000001
                 iSTATE0 |                               10 |                         00000010
                  iSTATE |                               11 |                         00000011
---------------------------------------------------------------------------------------------------
INFO: [Synth 8-3354] encoded FSM with state register 'v_state_reg' using encoding 'sequential' in module 'VGA'
---------------------------------------------------------------------------------------------------
                   State |                     New Encoding |                Previous Encoding 
---------------------------------------------------------------------------------------------------
            WAIT_COMMAND |                              000 |                              000
             DRAW_SYMBOL |                              001 |                              110
         DRAW_CPU_STRING |                              010 |                              010
  DRAW_CPU_STRING_SYMBOL |                              011 |                              011
             RESET_FRAME |                              100 |                              001
        DRAW_USER_STRING |                              101 |                              100
                END_EXEC |                              110 |                              111
 DRAW_USER_STRING_SYMBOL |                              111 |                              101
---------------------------------------------------------------------------------------------------
INFO: [Synth 8-3354] encoded FSM with state register 'state_reg' using encoding 'sequential' in module 'VGA_Manager'
---------------------------------------------------------------------------------
Finished RTL Optimization Phase 2 : Time (s): cpu = 00:00:15 ; elapsed = 00:00:16 . Memory (MB): peak = 1490.492 ; gain = 762.809
---------------------------------------------------------------------------------
---------------------------------------------------------------------------------
Start RTL Component Statistics 
---------------------------------------------------------------------------------
Detailed RTL Component Info : 
+---Adders : 
	   2 Input   19 Bit       Adders := 2     
	   2 Input   15 Bit       Adders := 1     
	   2 Input   13 Bit       Adders := 1     
	   4 Input   10 Bit       Adders := 1     
	   2 Input   10 Bit       Adders := 4     
	   3 Input    8 Bit       Adders := 1     
	   2 Input    7 Bit       Adders := 1     
	   2 Input    5 Bit       Adders := 1     
	   2 Input    4 Bit       Adders := 4     
	   2 Input    3 Bit       Adders := 1     
	   2 Input    2 Bit       Adders := 1     
	   2 Input    1 Bit       Adders := 2     
+---Registers : 
	               42 Bit    Registers := 2     
	               19 Bit    Registers := 1     
	               15 Bit    Registers := 2     
	               13 Bit    Registers := 1     
	               12 Bit    Registers := 1     
	               10 Bit    Registers := 12    
	                9 Bit    Registers := 12    
	                8 Bit    Registers := 3     
	                7 Bit    Registers := 1     
	                6 Bit    Registers := 3     
	                5 Bit    Registers := 4     
	                4 Bit    Registers := 9     
	                3 Bit    Registers := 3     
	                2 Bit    Registers := 3     
	                1 Bit    Registers := 25    
+---RAMs : 
	               16 Bit	(2 X 8 bit)          RAMs := 1     
+---Muxes : 
	   2 Input   42 Bit        Muxes := 16    
	   4 Input   42 Bit        Muxes := 2     
	  23 Input   42 Bit        Muxes := 2     
	   2 Input   40 Bit        Muxes := 1     
	   2 Input   19 Bit        Muxes := 2     
	   8 Input   19 Bit        Muxes := 1     
	   2 Input   15 Bit        Muxes := 1     
	   4 Input   10 Bit        Muxes := 5     
	   2 Input   10 Bit        Muxes := 8     
	   8 Input   10 Bit        Muxes := 2     
	   2 Input    9 Bit        Muxes := 12    
	   8 Input    9 Bit        Muxes := 12    
	   8 Input    8 Bit        Muxes := 1     
	   2 Input    7 Bit        Muxes := 2     
	   3 Input    7 Bit        Muxes := 1     
	   2 Input    6 Bit        Muxes := 1     
	   2 Input    5 Bit        Muxes := 15    
	   4 Input    5 Bit        Muxes := 3     
	  23 Input    5 Bit        Muxes := 1     
	   8 Input    5 Bit        Muxes := 1     
	   2 Input    4 Bit        Muxes := 10    
	   4 Input    4 Bit        Muxes := 1     
	   3 Input    4 Bit        Muxes := 1     
	   8 Input    4 Bit        Muxes := 2     
	  21 Input    3 Bit        Muxes := 1     
	   8 Input    3 Bit        Muxes := 1     
	   2 Input    3 Bit        Muxes := 4     
	   7 Input    3 Bit        Muxes := 1     
	   4 Input    3 Bit        Muxes := 1     
	   4 Input    2 Bit        Muxes := 5     
	   2 Input    2 Bit        Muxes := 18    
	  23 Input    2 Bit        Muxes := 1     
	   3 Input    2 Bit        Muxes := 1     
	   2 Input    1 Bit        Muxes := 69    
	   3 Input    1 Bit        Muxes := 19    
	   4 Input    1 Bit        Muxes := 22    
	   6 Input    1 Bit        Muxes := 2     
	  23 Input    1 Bit        Muxes := 6     
	  21 Input    1 Bit        Muxes := 14    
	   5 Input    1 Bit        Muxes := 7     
	   7 Input    1 Bit        Muxes := 4     
	   8 Input    1 Bit        Muxes := 14    
---------------------------------------------------------------------------------
Finished RTL Component Statistics 
---------------------------------------------------------------------------------
---------------------------------------------------------------------------------
Start Part Resource Summary
---------------------------------------------------------------------------------
Part Resources:
DSPs: 240 (col length:80)
BRAMs: 270 (col length: RAMB18 80 RAMB36 40)
---------------------------------------------------------------------------------
Finished Part Resource Summary
---------------------------------------------------------------------------------
---------------------------------------------------------------------------------
Start Cross Boundary and Area Optimization
---------------------------------------------------------------------------------
WARNING: [Synth 8-7080] Parallel synthesis criteria is not met
DSP Report: Generating DSP vram_address0, operation Mode is: C+A*(B:0x280).
DSP Report: operator vram_address0 is absorbed into DSP vram_address0.
DSP Report: operator vram_address1 is absorbed into DSP vram_address0.
DSP Report: Generating DSP vram_address0, operation Mode is: C'+A2*(B:0x280).
DSP Report: register y_coord_reg is absorbed into DSP vram_address0.
DSP Report: register x_coord_reg is absorbed into DSP vram_address0.
DSP Report: operator vram_address0 is absorbed into DSP vram_address0.
DSP Report: operator vram_address1 is absorbed into DSP vram_address0.
DSP Report: Generating DSP VGA_address, operation Mode is: C+A*(B:0x280).
DSP Report: operator VGA_address is absorbed into DSP VGA_address.
DSP Report: operator VGA_address0 is absorbed into DSP VGA_address.
WARNING: [Synth 8-7129] Port write_char_en in module VGA_Manager is either unconnected or has no load
WARNING: [Synth 8-7129] Port x2_coord[9] in module VGA_Manager is either unconnected or has no load
WARNING: [Synth 8-7129] Port x2_coord[8] in module VGA_Manager is either unconnected or has no load
WARNING: [Synth 8-7129] Port x2_coord[7] in module VGA_Manager is either unconnected or has no load
WARNING: [Synth 8-7129] Port x2_coord[6] in module VGA_Manager is either unconnected or has no load
WARNING: [Synth 8-7129] Port x2_coord[5] in module VGA_Manager is either unconnected or has no load
WARNING: [Synth 8-7129] Port x2_coord[4] in module VGA_Manager is either unconnected or has no load
WARNING: [Synth 8-7129] Port x2_coord[3] in module VGA_Manager is either unconnected or has no load
WARNING: [Synth 8-7129] Port x2_coord[2] in module VGA_Manager is either unconnected or has no load
WARNING: [Synth 8-7129] Port x2_coord[1] in module VGA_Manager is either unconnected or has no load
WARNING: [Synth 8-7129] Port x2_coord[0] in module VGA_Manager is either unconnected or has no load
WARNING: [Synth 8-7129] Port y2_coord[9] in module VGA_Manager is either unconnected or has no load
WARNING: [Synth 8-7129] Port y2_coord[8] in module VGA_Manager is either unconnected or has no load
WARNING: [Synth 8-7129] Port y2_coord[7] in module VGA_Manager is either unconnected or has no load
WARNING: [Synth 8-7129] Port y2_coord[6] in module VGA_Manager is either unconnected or has no load
WARNING: [Synth 8-7129] Port y2_coord[5] in module VGA_Manager is either unconnected or has no load
WARNING: [Synth 8-7129] Port y2_coord[4] in module VGA_Manager is either unconnected or has no load
WARNING: [Synth 8-7129] Port y2_coord[3] in module VGA_Manager is either unconnected or has no load
WARNING: [Synth 8-7129] Port y2_coord[2] in module VGA_Manager is either unconnected or has no load
WARNING: [Synth 8-7129] Port y2_coord[1] in module VGA_Manager is either unconnected or has no load
WARNING: [Synth 8-7129] Port y2_coord[0] in module VGA_Manager is either unconnected or has no load
WARNING: [Synth 8-7129] Port x3_coord[9] in module VGA_Manager is either unconnected or has no load
WARNING: [Synth 8-7129] Port x3_coord[8] in module VGA_Manager is either unconnected or has no load
WARNING: [Synth 8-7129] Port x3_coord[7] in module VGA_Manager is either unconnected or has no load
WARNING: [Synth 8-7129] Port x3_coord[6] in module VGA_Manager is either unconnected or has no load
WARNING: [Synth 8-7129] Port x3_coord[5] in module VGA_Manager is either unconnected or has no load
WARNING: [Synth 8-7129] Port x3_coord[4] in module VGA_Manager is either unconnected or has no load
WARNING: [Synth 8-7129] Port x3_coord[3] in module VGA_Manager is either unconnected or has no load
WARNING: [Synth 8-7129] Port x3_coord[2] in module VGA_Manager is either unconnected or has no load
WARNING: [Synth 8-7129] Port x3_coord[1] in module VGA_Manager is either unconnected or has no load
WARNING: [Synth 8-7129] Port x3_coord[0] in module VGA_Manager is either unconnected or has no load
WARNING: [Synth 8-7129] Port y3_coord[9] in module VGA_Manager is either unconnected or has no load
WARNING: [Synth 8-7129] Port y3_coord[8] in module VGA_Manager is either unconnected or has no load
WARNING: [Synth 8-7129] Port y3_coord[7] in module VGA_Manager is either unconnected or has no load
WARNING: [Synth 8-7129] Port y3_coord[6] in module VGA_Manager is either unconnected or has no load
WARNING: [Synth 8-7129] Port y3_coord[5] in module VGA_Manager is either unconnected or has no load
WARNING: [Synth 8-7129] Port y3_coord[4] in module VGA_Manager is either unconnected or has no load
WARNING: [Synth 8-7129] Port y3_coord[3] in module VGA_Manager is either unconnected or has no load
WARNING: [Synth 8-7129] Port y3_coord[2] in module VGA_Manager is either unconnected or has no load
WARNING: [Synth 8-7129] Port y3_coord[1] in module VGA_Manager is either unconnected or has no load
WARNING: [Synth 8-7129] Port y3_coord[0] in module VGA_Manager is either unconnected or has no load
---------------------------------------------------------------------------------
Finished Cross Boundary and Area Optimization : Time (s): cpu = 00:00:22 ; elapsed = 00:00:23 . Memory (MB): peak = 1490.492 ; gain = 762.809
---------------------------------------------------------------------------------
 Sort Area is  vram_address0_0 : 0 0 : 135 135 : Used 1 time 0
 Sort Area is  VGA_address_4 : 0 0 : 115 115 : Used 1 time 0
 Sort Area is  vram_address0_2 : 0 0 : 115 115 : Used 1 time 0
---------------------------------------------------------------------------------
Start ROM, RAM, DSP, Shift Register and Retiming Reporting
---------------------------------------------------------------------------------

ROM: Preliminary Mapping Report
+----------------+-------------------------------+---------------+----------------+
|Module Name     | RTL Object                    | Depth x Width | Implemented As | 
+----------------+-------------------------------+---------------+----------------+
|ASCII_To_HEX    | hex_out                       | 128x6         | LUT            | 
|cpu             | vga_command_flag              | 32x1          | LUT            | 
|SevenSegmentLED | SEG                           | 64x7          | LUT            | 
|cpu             | vga_command_flag              | 32x1          | LUT            | 
|top             | uart_input_manager/a1/hex_out | 128x6         | LUT            | 
|top             | seg/SEG                       | 64x7          | LUT            | 
+----------------+-------------------------------+---------------+----------------+


Distributed RAM: Preliminary Mapping Report (see note below)
+------------+---------------------------------------+-----------+----------------------+-------------+
|Module Name | RTL Object                            | Inference | Size (Depth x Width) | Primitives  | 
+------------+---------------------------------------+-----------+----------------------+-------------+
|top         | uart_input_manager/simpleFIFO/mem_reg | Implied   | 2 x 8                | RAM32M x 2  | 
+------------+---------------------------------------+-----------+----------------------+-------------+

Note: The table above is a preliminary report that shows the Distributed RAMs at the current stage of the synthesis flow. Some Distributed RAMs may be reimplemented as non Distributed RAM primitives later in the synthesis flow. Multiple instantiated RAMs are reported only once.

DSP: Preliminary Mapping Report (see note below. The ' indicates corresponding REG is set)
+------------+-----------------+--------+--------+--------+--------+--------+------+------+------+------+-------+------+------+
|Module Name | DSP Mapping     | A Size | B Size | C Size | D Size | P Size | AREG | BREG | CREG | DREG | ADREG | MREG | PREG | 
+------------+-----------------+--------+--------+--------+--------+--------+------+------+------+------+-------+------+------+
|VGA_Manager | C+A*(B:0x280)   | 10     | 10     | 10     | -      | 19     | 0    | 0    | 0    | -    | -     | 0    | 0    | 
|VGA_Manager | C'+A2*(B:0x280) | 10     | 10     | 10     | -      | 19     | 1    | 0    | 1    | -    | -     | 0    | 0    | 
|top         | C+A*(B:0x280)   | 10     | 10     | 10     | -      | 19     | 0    | 0    | 0    | -    | -     | 0    | 0    | 
+------------+-----------------+--------+--------+--------+--------+--------+------+------+------+------+-------+------+------+

Note: The table above is a preliminary report that shows the DSPs inferred at the current stage of the synthesis flow. Some DSP may be reimplemented as non DSP primitives later in the synthesis flow. Multiple instantiated DSPs are reported only once.
---------------------------------------------------------------------------------
Finished ROM, RAM, DSP, Shift Register and Retiming Reporting
---------------------------------------------------------------------------------
---------------------------------------------------------------------------------
Start Applying XDC Timing Constraints
---------------------------------------------------------------------------------
---------------------------------------------------------------------------------
Finished Applying XDC Timing Constraints : Time (s): cpu = 00:00:28 ; elapsed = 00:00:29 . Memory (MB): peak = 1613.445 ; gain = 885.762
---------------------------------------------------------------------------------
---------------------------------------------------------------------------------
Start Timing Optimization
---------------------------------------------------------------------------------
---------------------------------------------------------------------------------
Finished Timing Optimization : Time (s): cpu = 00:00:29 ; elapsed = 00:00:30 . Memory (MB): peak = 1643.234 ; gain = 915.551
---------------------------------------------------------------------------------
---------------------------------------------------------------------------------
Start ROM, RAM, DSP, Shift Register and Retiming Reporting
---------------------------------------------------------------------------------

Distributed RAM: Final Mapping Report
+------------+---------------------------------------+-----------+----------------------+-------------+
|Module Name | RTL Object                            | Inference | Size (Depth x Width) | Primitives  | 
+------------+---------------------------------------+-----------+----------------------+-------------+
|top         | uart_input_manager/simpleFIFO/mem_reg | Implied   | 2 x 8                | RAM32M x 2  | 
+------------+---------------------------------------+-----------+----------------------+-------------+

---------------------------------------------------------------------------------
Finished ROM, RAM, DSP, Shift Register and Retiming Reporting
---------------------------------------------------------------------------------
---------------------------------------------------------------------------------
Start Technology Mapping
---------------------------------------------------------------------------------
---------------------------------------------------------------------------------
Finished Technology Mapping : Time (s): cpu = 00:00:29 ; elapsed = 00:00:31 . Memory (MB): peak = 1657.742 ; gain = 930.059
---------------------------------------------------------------------------------
---------------------------------------------------------------------------------
Start IO Insertion
---------------------------------------------------------------------------------
---------------------------------------------------------------------------------
Start Flattening Before IO Insertion
---------------------------------------------------------------------------------
---------------------------------------------------------------------------------
Finished Flattening Before IO Insertion
---------------------------------------------------------------------------------
---------------------------------------------------------------------------------
Start Final Netlist Cleanup
---------------------------------------------------------------------------------
---------------------------------------------------------------------------------
Finished Final Netlist Cleanup
---------------------------------------------------------------------------------
---------------------------------------------------------------------------------
Finished IO Insertion : Time (s): cpu = 00:00:32 ; elapsed = 00:00:34 . Memory (MB): peak = 1862.961 ; gain = 1135.277
---------------------------------------------------------------------------------
---------------------------------------------------------------------------------
Start Renaming Generated Instances
---------------------------------------------------------------------------------
---------------------------------------------------------------------------------
Finished Renaming Generated Instances : Time (s): cpu = 00:00:32 ; elapsed = 00:00:34 . Memory (MB): peak = 1862.961 ; gain = 1135.277
---------------------------------------------------------------------------------
---------------------------------------------------------------------------------
Start Rebuilding User Hierarchy
---------------------------------------------------------------------------------
---------------------------------------------------------------------------------
Finished Rebuilding User Hierarchy : Time (s): cpu = 00:00:32 ; elapsed = 00:00:34 . Memory (MB): peak = 1862.961 ; gain = 1135.277
---------------------------------------------------------------------------------
---------------------------------------------------------------------------------
Start Renaming Generated Ports
---------------------------------------------------------------------------------
---------------------------------------------------------------------------------
Finished Renaming Generated Ports : Time (s): cpu = 00:00:32 ; elapsed = 00:00:34 . Memory (MB): peak = 1862.961 ; gain = 1135.277
---------------------------------------------------------------------------------
---------------------------------------------------------------------------------
Start Handling Custom Attributes
---------------------------------------------------------------------------------
---------------------------------------------------------------------------------
Finished Handling Custom Attributes : Time (s): cpu = 00:00:32 ; elapsed = 00:00:34 . Memory (MB): peak = 1862.961 ; gain = 1135.277
---------------------------------------------------------------------------------
---------------------------------------------------------------------------------
Start Renaming Generated Nets
---------------------------------------------------------------------------------
---------------------------------------------------------------------------------
Finished Renaming Generated Nets : Time (s): cpu = 00:00:32 ; elapsed = 00:00:34 . Memory (MB): peak = 1862.961 ; gain = 1135.277
---------------------------------------------------------------------------------
---------------------------------------------------------------------------------
Start Writing Synthesis Report
---------------------------------------------------------------------------------

DSP Final Report (the ' indicates corresponding REG is set)
+------------+-------------+--------+--------+--------+--------+--------+------+------+------+------+-------+------+------+
|Module Name | DSP Mapping | A Size | B Size | C Size | D Size | P Size | AREG | BREG | CREG | DREG | ADREG | MREG | PREG | 
+------------+-------------+--------+--------+--------+--------+--------+------+------+------+------+-------+------+------+
|top         | C+A*B       | 10     | 10     | 10     | -      | 19     | 0    | 0    | 0    | -    | -     | 0    | 0    | 
|VGA_Manager | C'+A'*B     | 10     | 10     | 10     | -      | 19     | 1    | 0    | 1    | -    | -     | 0    | 0    | 
|VGA_Manager | C'+A'*B     | 10     | 10     | 10     | -      | 19     | 1    | 0    | 1    | -    | -     | 0    | 0    | 
+------------+-------------+--------+--------+--------+--------+--------+------+------+------+------+-------+------+------+


Report BlackBoxes: 
+------+-----------------------+----------+
|      |BlackBox name          |Instances |
+------+-----------------------+----------+
|1     |BRAM_mem_gen_12x307200 |         1|
+------+-----------------------+----------+

Report Cell Usage: 
+------+-----------------------+------+
|      |Cell                   |Count |
+------+-----------------------+------+
|1     |BRAM_mem_gen_12x307200 |     1|
|2     |BUFG                   |     2|
|3     |CARRY4                 |    19|
|4     |DSP48E1                |     3|
|6     |LUT1                   |     9|
|7     |LUT2                   |    69|
|8     |LUT3                   |   121|
|9     |LUT4                   |   132|
|10    |LUT5                   |   155|
|11    |LUT6                   |   341|
|12    |MUXF7                  |    26|
|13    |RAM32M                 |     1|
|14    |RAM32X1D               |     2|
|15    |FDRE                   |   360|
|16    |IBUF                   |     2|
|17    |OBUF                   |    29|
+------+-----------------------+------+
---------------------------------------------------------------------------------
Finished Writing Synthesis Report : Time (s): cpu = 00:00:32 ; elapsed = 00:00:34 . Memory (MB): peak = 1862.961 ; gain = 1135.277
---------------------------------------------------------------------------------
Synthesis finished with 0 errors, 0 critical warnings and 42 warnings.
Synthesis Optimization Runtime : Time (s): cpu = 00:00:24 ; elapsed = 00:00:32 . Memory (MB): peak = 1862.961 ; gain = 1064.090
Synthesis Optimization Complete : Time (s): cpu = 00:00:32 ; elapsed = 00:00:34 . Memory (MB): peak = 1862.961 ; gain = 1135.277
INFO: [Project 1-571] Translating synthesized netlist
Netlist sorting complete. Time (s): cpu = 00:00:00 ; elapsed = 00:00:00.009 . Memory (MB): peak = 1872.152 ; gain = 0.000
INFO: [Netlist 29-17] Analyzing 51 Unisim elements for replacement
INFO: [Netlist 29-28] Unisim Transformation completed in 0 CPU seconds
INFO: [Project 1-570] Preparing netlist for logic optimization
INFO: [Opt 31-138] Pushed 0 inverter(s) to 0 load pin(s).
Netlist sorting complete. Time (s): cpu = 00:00:00 ; elapsed = 00:00:00 . Memory (MB): peak = 1875.789 ; gain = 0.000
INFO: [Project 1-111] Unisim Transformation Summary:
  A total of 3 instances were transformed.
  RAM32M => RAM32M (RAMD32(x6), RAMS32(x2)): 1 instance 
  RAM32X1D => RAM32X1D (RAMD32(x2)): 2 instances

Synth Design complete | Checksum: 40574345
INFO: [Common 17-83] Releasing license: Synthesis
71 Infos, 198 Warnings, 0 Critical Warnings and 0 Errors encountered.
synth_design completed successfully
synth_design: Time (s): cpu = 00:00:35 ; elapsed = 00:00:39 . Memory (MB): peak = 1875.789 ; gain = 1351.906
Write ShapeDB Complete: Time (s): cpu = 00:00:00 ; elapsed = 00:00:00.005 . Memory (MB): peak = 1875.789 ; gain = 0.000
INFO: [Common 17-1381] The checkpoint 'C:/Users/Adskiy Perez/VivadoProjects/UART_cpu_VGA_controller/UART_cpu_VGA_controller.runs/synth_1/top.dcp' has been generated.
INFO: [Vivado 12-24828] Executing command : report_utilization -file top_utilization_synth.rpt -pb top_utilization_synth.pb
INFO: [Common 17-206] Exiting Vivado at Sun Sep 13 17:56:24 2026...
